Command line invocation:
    /Applications/Xcode.app/Contents/Developer/usr/bin/xcodebuild -project PaperFlow/PaperFlow.xcodeproj -scheme PaperFlow -destination generic/platform=iOS -derivedDataPath .native-build/InternationalizationDevice build

Resolve Package Graph


Resolved source packages:
  PaperFlowKit: /Users/long/github_space/good_ideas/pdf-file-workbench/PaperFlow/Packages/PaperFlowKit @ local

ComputePackagePrebuildTargetDependencyGraph

Prepare packages

CreateBuildRequest

SendProjectDescription

CreateBuildOperation

ComputeTargetDependencyGraph
note: Building targets in dependency order
note: Target dependency graph (10 targets)
    Target 'PaperFlow' in project 'PaperFlow'
        ➜ Explicit dependency on target 'PaperFlowShare' in project 'PaperFlow'
        ➜ Explicit dependency on target 'PaperFlowDomain-product' in project 'PaperFlowKit'
        ➜ Explicit dependency on target 'PaperFlowProcessing-product' in project 'PaperFlowKit'
        ➜ Explicit dependency on target 'PaperFlowPersistence-product' in project 'PaperFlowKit'
    Target 'PaperFlowPersistence-product' in project 'PaperFlowKit'
        ➜ Explicit dependency on target 'PaperFlowPersistence' in project 'PaperFlowKit'
        ➜ Explicit dependency on target 'PaperFlowDomain' in project 'PaperFlowKit'
    Target 'PaperFlowPersistence' in project 'PaperFlowKit'
        ➜ Explicit dependency on target 'PaperFlowDomain' in project 'PaperFlowKit'
    Target 'PaperFlowProcessing-product' in project 'PaperFlowKit'
        ➜ Explicit dependency on target 'PaperFlowProcessing' in project 'PaperFlowKit'
        ➜ Explicit dependency on target 'PaperFlowDomain' in project 'PaperFlowKit'
        ➜ Explicit dependency on target 'CQPDF' in project 'PaperFlowKit'
    Target 'PaperFlowProcessing' in project 'PaperFlowKit'
        ➜ Explicit dependency on target 'PaperFlowDomain' in project 'PaperFlowKit'
        ➜ Explicit dependency on target 'CQPDF' in project 'PaperFlowKit'
    Target 'CQPDF' in project 'PaperFlowKit' (no dependencies)
    Target 'PaperFlowShare' in project 'PaperFlow'
        ➜ Explicit dependency on target 'PaperFlowDomain-product' in project 'PaperFlowKit'
    Target 'PaperFlowDomain-product' in project 'PaperFlowKit'
        ➜ Explicit dependency on target 'PaperFlowDomain' in project 'PaperFlowKit'
        ➜ Explicit dependency on target 'PaperFlowKit_PaperFlowDomain' in project 'PaperFlowKit'
    Target 'PaperFlowDomain' in project 'PaperFlowKit'
        ➜ Explicit dependency on target 'PaperFlowKit_PaperFlowDomain' in project 'PaperFlowKit'
    Target 'PaperFlowKit_PaperFlowDomain' in project 'PaperFlowKit' (no dependencies)

GatherProvisioningInputs

CreateBuildDescription

ClangStatCache /Applications/Xcode.app/Contents/Developer/Toolchains/XcodeDefault.xctoolchain/usr/bin/clang-stat-cache /Applications/Xcode.app/Contents/Developer/Platforms/iPhoneOS.platform/Developer/SDKs/iPhoneOS27.0.sdk /Users/long/github_space/good_ideas/pdf-file-workbench/.native-build/InternationalizationDevice/SDKStatCaches.noindex/iphoneos27.0-24A430-6c78b3cbc238196c85e1bf6c792c5915.sdkstatcache
    cd /Users/long/github_space/good_ideas/pdf-file-workbench/PaperFlow/PaperFlow.xcodeproj
    /Applications/Xcode.app/Contents/Developer/Toolchains/XcodeDefault.xctoolchain/usr/bin/clang-stat-cache /Applications/Xcode.app/Contents/Developer/Platforms/iPhoneOS.platform/Developer/SDKs/iPhoneOS27.0.sdk -o /Users/long/github_space/good_ideas/pdf-file-workbench/.native-build/InternationalizationDevice/SDKStatCaches.noindex/iphoneos27.0-24A430-6c78b3cbc238196c85e1bf6c792c5915.sdkstatcache

ProcessInfoPlistFile /Users/long/github_space/good_ideas/pdf-file-workbench/.native-build/InternationalizationDevice/Build/Products/Debug-iphoneos/PaperFlowKit_PaperFlowDomain.bundle/Info.plist /Users/long/github_space/good_ideas/pdf-file-workbench/.native-build/InternationalizationDevice/Build/Intermediates.noindex/PaperFlowKit.build/Debug-iphoneos/PaperFlowKit_PaperFlowDomain-b.build/empty-PaperFlowKit_PaperFlowDomain.plist (in target 'PaperFlowKit_PaperFlowDomain' from project 'PaperFlowKit')
    cd /Users/long/github_space/good_ideas/pdf-file-workbench/PaperFlow/Packages/PaperFlowKit
    builtin-infoPlistUtility /Users/long/github_space/good_ideas/pdf-file-workbench/.native-build/InternationalizationDevice/Build/Intermediates.noindex/PaperFlowKit.build/Debug-iphoneos/PaperFlowKit_PaperFlowDomain-b.build/empty-PaperFlowKit_PaperFlowDomain.plist -producttype com.apple.product-type.bundle -expandbuildsettings -format binary -platform iphoneos -requiredArchitecture arm64 -o /Users/long/github_space/good_ideas/pdf-file-workbench/.native-build/InternationalizationDevice/Build/Products/Debug-iphoneos/PaperFlowKit_PaperFlowDomain.bundle/Info.plist

ProcessProductPackaging /Users/long/github_space/good_ideas/pdf-file-workbench/PaperFlow/PaperFlowShare/PaperFlowShare.entitlements /Users/long/github_space/good_ideas/pdf-file-workbench/.native-build/InternationalizationDevice/Build/Intermediates.noindex/PaperFlow.build/Debug-iphoneos/PaperFlowShare.build/PaperFlowShare.appex.xcent (in target 'PaperFlowShare' from project 'PaperFlow')
    cd /Users/long/github_space/good_ideas/pdf-file-workbench/PaperFlow
    
    Entitlements:
    
    {
    "application-identifier" = "3LSP26D33P.com.xiaolongxu.PaperFlow.Share";
    "com.apple.developer.team-identifier" = 3LSP26D33P;
    "com.apple.security.application-groups" =     (
        "group.com.xiaolongxu.PaperFlow"
    );
    "get-task-allow" = 1;
}
    
    builtin-productPackagingUtility /Users/long/github_space/good_ideas/pdf-file-workbench/PaperFlow/PaperFlowShare/PaperFlowShare.entitlements -entitlements -format xml -o /Users/long/github_space/good_ideas/pdf-file-workbench/.native-build/InternationalizationDevice/Build/Intermediates.noindex/PaperFlow.build/Debug-iphoneos/PaperFlowShare.build/PaperFlowShare.appex.xcent

ProcessProductPackagingDER /Users/long/github_space/good_ideas/pdf-file-workbench/.native-build/InternationalizationDevice/Build/Intermediates.noindex/PaperFlow.build/Debug-iphoneos/PaperFlowShare.build/PaperFlowShare.appex.xcent /Users/long/github_space/good_ideas/pdf-file-workbench/.native-build/InternationalizationDevice/Build/Intermediates.noindex/PaperFlow.build/Debug-iphoneos/PaperFlowShare.build/PaperFlowShare.appex.xcent.der (in target 'PaperFlowShare' from project 'PaperFlow')
    cd /Users/long/github_space/good_ideas/pdf-file-workbench/PaperFlow
    /usr/bin/derq query -f xml -i /Users/long/github_space/good_ideas/pdf-file-workbench/.native-build/InternationalizationDevice/Build/Intermediates.noindex/PaperFlow.build/Debug-iphoneos/PaperFlowShare.build/PaperFlowShare.appex.xcent -o /Users/long/github_space/good_ideas/pdf-file-workbench/.native-build/InternationalizationDevice/Build/Intermediates.noindex/PaperFlow.build/Debug-iphoneos/PaperFlowShare.build/PaperFlowShare.appex.xcent.der --raw

ProcessInfoPlistFile /Users/long/github_space/good_ideas/pdf-file-workbench/.native-build/InternationalizationDevice/Build/Products/Debug-iphoneos/PaperFlowShare.appex/Info.plist /Users/long/github_space/good_ideas/pdf-file-workbench/PaperFlow/PaperFlowShare/Info.plist (in target 'PaperFlowShare' from project 'PaperFlow')
    cd /Users/long/github_space/good_ideas/pdf-file-workbench/PaperFlow
    builtin-infoPlistUtility /Users/long/github_space/good_ideas/pdf-file-workbench/PaperFlow/PaperFlowShare/Info.plist -producttype com.apple.product-type.app-extension -expandbuildsettings -format binary -platform iphoneos -scanforprivacyfile /Users/long/github_space/good_ideas/pdf-file-workbench/.native-build/InternationalizationDevice/Build/Products/Debug-iphoneos/PaperFlowShare.appex/PaperFlowKit_PaperFlowDomain.bundle -requiredArchitecture arm64 -o /Users/long/github_space/good_ideas/pdf-file-workbench/.native-build/InternationalizationDevice/Build/Products/Debug-iphoneos/PaperFlowShare.appex/Info.plist

ProcessProductPackaging /Users/long/github_space/good_ideas/pdf-file-workbench/PaperFlow/PaperFlow/PaperFlow.entitlements /Users/long/github_space/good_ideas/pdf-file-workbench/.native-build/InternationalizationDevice/Build/Intermediates.noindex/PaperFlow.build/Debug-iphoneos/PaperFlow.build/PaperFlow.app.xcent (in target 'PaperFlow' from project 'PaperFlow')
    cd /Users/long/github_space/good_ideas/pdf-file-workbench/PaperFlow
    
    Entitlements:
    
    {
    "application-identifier" = "3LSP26D33P.com.xiaolongxu.PaperFlow";
    "com.apple.developer.team-identifier" = 3LSP26D33P;
    "com.apple.security.application-groups" =     (
        "group.com.xiaolongxu.PaperFlow"
    );
    "get-task-allow" = 1;
}
    
    builtin-productPackagingUtility /Users/long/github_space/good_ideas/pdf-file-workbench/PaperFlow/PaperFlow/PaperFlow.entitlements -entitlements -format xml -o /Users/long/github_space/good_ideas/pdf-file-workbench/.native-build/InternationalizationDevice/Build/Intermediates.noindex/PaperFlow.build/Debug-iphoneos/PaperFlow.build/PaperFlow.app.xcent

ProcessProductPackagingDER /Users/long/github_space/good_ideas/pdf-file-workbench/.native-build/InternationalizationDevice/Build/Intermediates.noindex/PaperFlow.build/Debug-iphoneos/PaperFlow.build/PaperFlow.app.xcent /Users/long/github_space/good_ideas/pdf-file-workbench/.native-build/InternationalizationDevice/Build/Intermediates.noindex/PaperFlow.build/Debug-iphoneos/PaperFlow.build/PaperFlow.app.xcent.der (in target 'PaperFlow' from project 'PaperFlow')
    cd /Users/long/github_space/good_ideas/pdf-file-workbench/PaperFlow
    /usr/bin/derq query -f xml -i /Users/long/github_space/good_ideas/pdf-file-workbench/.native-build/InternationalizationDevice/Build/Intermediates.noindex/PaperFlow.build/Debug-iphoneos/PaperFlow.build/PaperFlow.app.xcent -o /Users/long/github_space/good_ideas/pdf-file-workbench/.native-build/InternationalizationDevice/Build/Intermediates.noindex/PaperFlow.build/Debug-iphoneos/PaperFlow.build/PaperFlow.app.xcent.der --raw

CompileAssetCatalogVariant thinned /Users/long/github_space/good_ideas/pdf-file-workbench/.native-build/InternationalizationDevice/Build/Products/Debug-iphoneos/PaperFlow.app /Users/long/github_space/good_ideas/pdf-file-workbench/PaperFlow/PaperFlow/Assets.xcassets (in target 'PaperFlow' from project 'PaperFlow')
    cd /Users/long/github_space/good_ideas/pdf-file-workbench/PaperFlow
    /Applications/Xcode.app/Contents/Developer/usr/bin/actool /Users/long/github_space/good_ideas/pdf-file-workbench/PaperFlow/PaperFlow/Assets.xcassets --compile /Users/long/github_space/good_ideas/pdf-file-workbench/.native-build/InternationalizationDevice/Build/Intermediates.noindex/PaperFlow.build/Debug-iphoneos/PaperFlow.build/assetcatalog_output/thinned --output-format human-readable-text --notices --warnings --export-dependency-info /Users/long/github_space/good_ideas/pdf-file-workbench/.native-build/InternationalizationDevice/Build/Intermediates.noindex/PaperFlow.build/Debug-iphoneos/PaperFlow.build/assetcatalog_dependencies_thinned --output-partial-info-plist /Users/long/github_space/good_ideas/pdf-file-workbench/.native-build/InternationalizationDevice/Build/Intermediates.noindex/PaperFlow.build/Debug-iphoneos/PaperFlow.build/assetcatalog_generated_info.plist_thinned --app-icon AppIcon --accent-color AccentColor --compress-pngs --enable-on-demand-resources YES --development-region en --target-device iphone --target-device ipad --minimum-deployment-target 18.0 --platform iphoneos
/* com.apple.actool.document.warnings */
/Users/long/github_space/good_ideas/pdf-file-workbench/PaperFlow/PaperFlow/Assets.xcassets:./AppIcon.appiconset/(null)[2d][AppIcon-legacy.png]: warning: The app icon set "AppIcon" has 2 unassigned children.
/Users/long/github_space/good_ideas/pdf-file-workbench/PaperFlow/PaperFlow/Assets.xcassets:./AppIcon.appiconset/(null)[2d][AppIcon-legacy.png]: warning: The app icon set "AppIcon" has 2 unassigned children.
/Users/long/github_space/good_ideas/pdf-file-workbench/PaperFlow/PaperFlow/Assets.xcassets:./AppIcon.appiconset/(null)[2d][AppIcon-legacy.png]: warning: The app icon set "AppIcon" has 2 unassigned children.
/* com.apple.actool.compilation-results */
/Users/long/github_space/good_ideas/pdf-file-workbench/.native-build/InternationalizationDevice/Build/Intermediates.noindex/PaperFlow.build/Debug-iphoneos/PaperFlow.build/assetcatalog_generated_info.plist_thinned
/Users/long/github_space/good_ideas/pdf-file-workbench/.native-build/InternationalizationDevice/Build/Intermediates.noindex/PaperFlow.build/Debug-iphoneos/PaperFlow.build/assetcatalog_output/thinned/AppIcon60x60@2x.png
/Users/long/github_space/good_ideas/pdf-file-workbench/.native-build/InternationalizationDevice/Build/Intermediates.noindex/PaperFlow.build/Debug-iphoneos/PaperFlow.build/assetcatalog_output/thinned/AppIcon76x76@2x~ipad.png
/Users/long/github_space/good_ideas/pdf-file-workbench/.native-build/InternationalizationDevice/Build/Intermediates.noindex/PaperFlow.build/Debug-iphoneos/PaperFlow.build/assetcatalog_output/thinned/Assets.car


CodeSign /Users/long/github_space/good_ideas/pdf-file-workbench/.native-build/InternationalizationDevice/Build/Products/Debug-iphoneos/PaperFlowShare.appex (in target 'PaperFlowShare' from project 'PaperFlow')
    cd /Users/long/github_space/good_ideas/pdf-file-workbench/PaperFlow
    
    Signing Identity:     "Apple Development: xiaolong xu (HY7V43DS7R)"
    Provisioning Profile: "iOS Team Provisioning Profile: com.xiaolongxu.PaperFlow.Share"
                          (93308076-7080-43f5-8fdc-5ba6a6fce96f)
    
    /usr/bin/codesign --force --sign FFD2AF526670F8DE3BED6017FCAE181F2157970F --entitlements /Users/long/github_space/good_ideas/pdf-file-workbench/.native-build/InternationalizationDevice/Build/Intermediates.noindex/PaperFlow.build/Debug-iphoneos/PaperFlowShare.build/PaperFlowShare.appex.xcent --timestamp\=none --generate-entitlement-der /Users/long/github_space/good_ideas/pdf-file-workbench/.native-build/InternationalizationDevice/Build/Products/Debug-iphoneos/PaperFlowShare.appex
/Users/long/github_space/good_ideas/pdf-file-workbench/.native-build/InternationalizationDevice/Build/Products/Debug-iphoneos/PaperFlowShare.appex: replacing existing signature

LinkAssetCatalog /Users/long/github_space/good_ideas/pdf-file-workbench/PaperFlow/PaperFlow/Assets.xcassets (in target 'PaperFlow' from project 'PaperFlow')
    cd /Users/long/github_space/good_ideas/pdf-file-workbench/PaperFlow
    builtin-linkAssetCatalog --thinned /Users/long/github_space/good_ideas/pdf-file-workbench/.native-build/InternationalizationDevice/Build/Intermediates.noindex/PaperFlow.build/Debug-iphoneos/PaperFlow.build/assetcatalog_output/thinned --thinned-dependencies /Users/long/github_space/good_ideas/pdf-file-workbench/.native-build/InternationalizationDevice/Build/Intermediates.noindex/PaperFlow.build/Debug-iphoneos/PaperFlow.build/assetcatalog_dependencies_thinned --thinned-info-plist-content /Users/long/github_space/good_ideas/pdf-file-workbench/.native-build/InternationalizationDevice/Build/Intermediates.noindex/PaperFlow.build/Debug-iphoneos/PaperFlow.build/assetcatalog_generated_info.plist_thinned --unthinned /Users/long/github_space/good_ideas/pdf-file-workbench/.native-build/InternationalizationDevice/Build/Intermediates.noindex/PaperFlow.build/Debug-iphoneos/PaperFlow.build/assetcatalog_output/unthinned --unthinned-dependencies /Users/long/github_space/good_ideas/pdf-file-workbench/.native-build/InternationalizationDevice/Build/Intermediates.noindex/PaperFlow.build/Debug-iphoneos/PaperFlow.build/assetcatalog_dependencies_unthinned --unthinned-info-plist-content /Users/long/github_space/good_ideas/pdf-file-workbench/.native-build/InternationalizationDevice/Build/Intermediates.noindex/PaperFlow.build/Debug-iphoneos/PaperFlow.build/assetcatalog_generated_info.plist_unthinned --output /Users/long/github_space/good_ideas/pdf-file-workbench/.native-build/InternationalizationDevice/Build/Products/Debug-iphoneos/PaperFlow.app --plist-output /Users/long/github_space/good_ideas/pdf-file-workbench/.native-build/InternationalizationDevice/Build/Intermediates.noindex/PaperFlow.build/Debug-iphoneos/PaperFlow.build/assetcatalog_generated_info.plist
note: Emplaced /Users/long/github_space/good_ideas/pdf-file-workbench/.native-build/InternationalizationDevice/Build/Products/Debug-iphoneos/PaperFlow.app/AppIcon76x76@2x~ipad.png (in target 'PaperFlow' from project 'PaperFlow')
note: Emplaced /Users/long/github_space/good_ideas/pdf-file-workbench/.native-build/InternationalizationDevice/Build/Products/Debug-iphoneos/PaperFlow.app/AppIcon60x60@2x.png (in target 'PaperFlow' from project 'PaperFlow')
note: Emplaced /Users/long/github_space/good_ideas/pdf-file-workbench/.native-build/InternationalizationDevice/Build/Products/Debug-iphoneos/PaperFlow.app/Assets.car (in target 'PaperFlow' from project 'PaperFlow')

Copy /Users/long/github_space/good_ideas/pdf-file-workbench/.native-build/InternationalizationDevice/Build/Products/Debug-iphoneos/PaperFlow.app/PlugIns/PaperFlowShare.appex /Users/long/github_space/good_ideas/pdf-file-workbench/.native-build/InternationalizationDevice/Build/Products/Debug-iphoneos/PaperFlowShare.appex (in target 'PaperFlow' from project 'PaperFlow')
    cd /Users/long/github_space/good_ideas/pdf-file-workbench/PaperFlow
    builtin-copy -exclude .DS_Store -exclude CVS -exclude .svn -exclude .git -exclude .hg -exclude Headers -exclude PrivateHeaders -exclude Modules -exclude \*.tbd -resolve-src-symlinks -remove-static-executable /Users/long/github_space/good_ideas/pdf-file-workbench/.native-build/InternationalizationDevice/Build/Products/Debug-iphoneos/PaperFlowShare.appex /Users/long/github_space/good_ideas/pdf-file-workbench/.native-build/InternationalizationDevice/Build/Products/Debug-iphoneos/PaperFlow.app/PlugIns

ProcessInfoPlistFile /Users/long/github_space/good_ideas/pdf-file-workbench/.native-build/InternationalizationDevice/Build/Products/Debug-iphoneos/PaperFlow.app/Info.plist /Users/long/github_space/good_ideas/pdf-file-workbench/PaperFlow/PaperFlow/Info.plist (in target 'PaperFlow' from project 'PaperFlow')
    cd /Users/long/github_space/good_ideas/pdf-file-workbench/PaperFlow
    builtin-infoPlistUtility /Users/long/github_space/good_ideas/pdf-file-workbench/PaperFlow/PaperFlow/Info.plist -producttype com.apple.product-type.application -genpkginfo /Users/long/github_space/good_ideas/pdf-file-workbench/.native-build/InternationalizationDevice/Build/Products/Debug-iphoneos/PaperFlow.app/PkgInfo -expandbuildsettings -format binary -platform iphoneos -additionalcontentfile /Users/long/github_space/good_ideas/pdf-file-workbench/.native-build/InternationalizationDevice/Build/Intermediates.noindex/PaperFlow.build/Debug-iphoneos/PaperFlow.build/assetcatalog_generated_info.plist -scanforprivacyfile /Users/long/github_space/good_ideas/pdf-file-workbench/.native-build/InternationalizationDevice/Build/Products/Debug-iphoneos/PaperFlow.app/PaperFlowKit_PaperFlowDomain.bundle -scanforprivacyfile /Users/long/github_space/good_ideas/pdf-file-workbench/.native-build/InternationalizationDevice/Build/Products/Debug-iphoneos/PaperFlow.app/PlugIns/PaperFlowShare.appex -requiredArchitecture arm64 -o /Users/long/github_space/good_ideas/pdf-file-workbench/.native-build/InternationalizationDevice/Build/Products/Debug-iphoneos/PaperFlow.app/Info.plist

CopySwiftLibs /Users/long/github_space/good_ideas/pdf-file-workbench/.native-build/InternationalizationDevice/Build/Products/Debug-iphoneos/PaperFlow.app (in target 'PaperFlow' from project 'PaperFlow')
    cd /Users/long/github_space/good_ideas/pdf-file-workbench/PaperFlow
    builtin-swiftStdLibTool --copy --verbose --sign FFD2AF526670F8DE3BED6017FCAE181F2157970F --scan-executable /Users/long/github_space/good_ideas/pdf-file-workbench/.native-build/InternationalizationDevice/Build/Products/Debug-iphoneos/PaperFlow.app/PaperFlow.debug.dylib --scan-folder /Users/long/github_space/good_ideas/pdf-file-workbench/.native-build/InternationalizationDevice/Build/Products/Debug-iphoneos/PaperFlow.app/Frameworks --scan-folder /Users/long/github_space/good_ideas/pdf-file-workbench/.native-build/InternationalizationDevice/Build/Products/Debug-iphoneos/PaperFlow.app/PlugIns --scan-folder /Users/long/github_space/good_ideas/pdf-file-workbench/.native-build/InternationalizationDevice/Build/Products/Debug-iphoneos/PaperFlow.app/SystemExtensions --scan-folder /Users/long/github_space/good_ideas/pdf-file-workbench/.native-build/InternationalizationDevice/Build/Products/Debug-iphoneos/PaperFlow.app/Extensions --platform iphoneos --toolchain /Applications/Xcode.app/Contents/Developer/Toolchains/XcodeDefault.xctoolchain --destination /Users/long/github_space/good_ideas/pdf-file-workbench/.native-build/InternationalizationDevice/Build/Products/Debug-iphoneos/PaperFlow.app/Frameworks --strip-bitcode --strip-bitcode-tool /Applications/Xcode.app/Contents/Developer/Toolchains/XcodeDefault.xctoolchain/usr/bin/bitcode_strip --emit-dependency-info /Users/long/github_space/good_ideas/pdf-file-workbench/.native-build/InternationalizationDevice/Build/Intermediates.noindex/PaperFlow.build/Debug-iphoneos/PaperFlow.build/SwiftStdLibToolInputDependencies.dep --filter-for-swift-os --back-deploy-swift-span

CodeSign /Users/long/github_space/good_ideas/pdf-file-workbench/.native-build/InternationalizationDevice/Build/Products/Debug-iphoneos/PaperFlow.app/PaperFlow.debug.dylib (in target 'PaperFlow' from project 'PaperFlow')
    cd /Users/long/github_space/good_ideas/pdf-file-workbench/PaperFlow
    
    Signing Identity:     "Apple Development: xiaolong xu (HY7V43DS7R)"
    Provisioning Profile: "iOS Team Provisioning Profile: com.xiaolongxu.PaperFlow"
                          (a87608cb-e36d-41b7-86ac-7d97c5586e2d)
    
    /usr/bin/codesign --force --sign FFD2AF526670F8DE3BED6017FCAE181F2157970F --timestamp\=none --generate-entitlement-der /Users/long/github_space/good_ideas/pdf-file-workbench/.native-build/InternationalizationDevice/Build/Products/Debug-iphoneos/PaperFlow.app/PaperFlow.debug.dylib
/Users/long/github_space/good_ideas/pdf-file-workbench/.native-build/InternationalizationDevice/Build/Products/Debug-iphoneos/PaperFlow.app/PaperFlow.debug.dylib: replacing existing signature

CodeSign /Users/long/github_space/good_ideas/pdf-file-workbench/.native-build/InternationalizationDevice/Build/Products/Debug-iphoneos/PaperFlow.app/__preview.dylib (in target 'PaperFlow' from project 'PaperFlow')
    cd /Users/long/github_space/good_ideas/pdf-file-workbench/PaperFlow
    
    Signing Identity:     "Apple Development: xiaolong xu (HY7V43DS7R)"
    Provisioning Profile: "iOS Team Provisioning Profile: com.xiaolongxu.PaperFlow"
                          (a87608cb-e36d-41b7-86ac-7d97c5586e2d)
    
    /usr/bin/codesign --force --sign FFD2AF526670F8DE3BED6017FCAE181F2157970F --timestamp\=none --generate-entitlement-der /Users/long/github_space/good_ideas/pdf-file-workbench/.native-build/InternationalizationDevice/Build/Products/Debug-iphoneos/PaperFlow.app/__preview.dylib
/Users/long/github_space/good_ideas/pdf-file-workbench/.native-build/InternationalizationDevice/Build/Products/Debug-iphoneos/PaperFlow.app/__preview.dylib: replacing existing signature

CodeSign /Users/long/github_space/good_ideas/pdf-file-workbench/.native-build/InternationalizationDevice/Build/Products/Debug-iphoneos/PaperFlow.app (in target 'PaperFlow' from project 'PaperFlow')
    cd /Users/long/github_space/good_ideas/pdf-file-workbench/PaperFlow
    
    Signing Identity:     "Apple Development: xiaolong xu (HY7V43DS7R)"
    Provisioning Profile: "iOS Team Provisioning Profile: com.xiaolongxu.PaperFlow"
                          (a87608cb-e36d-41b7-86ac-7d97c5586e2d)
    
    /usr/bin/codesign --force --sign FFD2AF526670F8DE3BED6017FCAE181F2157970F --entitlements /Users/long/github_space/good_ideas/pdf-file-workbench/.native-build/InternationalizationDevice/Build/Intermediates.noindex/PaperFlow.build/Debug-iphoneos/PaperFlow.build/PaperFlow.app.xcent --timestamp\=none --generate-entitlement-der /Users/long/github_space/good_ideas/pdf-file-workbench/.native-build/InternationalizationDevice/Build/Products/Debug-iphoneos/PaperFlow.app
/Users/long/github_space/good_ideas/pdf-file-workbench/.native-build/InternationalizationDevice/Build/Products/Debug-iphoneos/PaperFlow.app: replacing existing signature

ValidateEmbeddedBinary /Users/long/github_space/good_ideas/pdf-file-workbench/.native-build/InternationalizationDevice/Build/Products/Debug-iphoneos/PaperFlow.app/PlugIns/PaperFlowShare.appex (in target 'PaperFlow' from project 'PaperFlow')
    cd /Users/long/github_space/good_ideas/pdf-file-workbench/PaperFlow
    /Applications/Xcode.app/Contents/Developer/usr/bin/embeddedBinaryValidationUtility /Users/long/github_space/good_ideas/pdf-file-workbench/.native-build/InternationalizationDevice/Build/Products/Debug-iphoneos/PaperFlow.app/PlugIns/PaperFlowShare.appex -signing-cert FFD2AF526670F8DE3BED6017FCAE181F2157970F -info-plist-path /Users/long/github_space/good_ideas/pdf-file-workbench/.native-build/InternationalizationDevice/Build/Products/Debug-iphoneos/PaperFlow.app/Info.plist

Validate /Users/long/github_space/good_ideas/pdf-file-workbench/.native-build/InternationalizationDevice/Build/Products/Debug-iphoneos/PaperFlow.app (in target 'PaperFlow' from project 'PaperFlow')
    cd /Users/long/github_space/good_ideas/pdf-file-workbench/PaperFlow
    builtin-validationUtility /Users/long/github_space/good_ideas/pdf-file-workbench/.native-build/InternationalizationDevice/Build/Products/Debug-iphoneos/PaperFlow.app -shallow-bundle -infoplist-subpath Info.plist

PruneExplicitPrecompiledModules /Users/long/github_space/good_ideas/pdf-file-workbench/.native-build/InternationalizationDevice/Build/Intermediates.noindex/ExplicitPrecompiledModules

PruneExplicitPrecompiledModules /Users/long/github_space/good_ideas/pdf-file-workbench/.native-build/InternationalizationDevice/SDKExplicitPrecompiledModules

PruneExplicitPrecompiledModules /Users/long/github_space/good_ideas/pdf-file-workbench/.native-build/InternationalizationDevice/Build/Intermediates.noindex/SwiftExplicitPrecompiledModules

** BUILD SUCCEEDED **

