Building for debugging...
[Computing dependencies]
[1 / 1]
[2 / 26] PaperFlowDomain
[5 / 29] PaperFlowDomain
[8 / 29] PaperFlowDomain
[15 / 21] PaperFlowDomainTests-product
[17 / 23] PaperFlowDomainTests-product
[22 / 25] PaperFlowDomainTests-product
[24 / 28] PaperFlowDomainTests-product
Build complete! (3.90秒)
Test Suite 'All tests' started at 2026-10-04 17:44:09.979.
Test Suite 'All tests' passed at 2026-10-04 17:44:09.982.
	 Executed 0 tests, with 0 failures (0 unexpected) in 0.000 (0.003) seconds
Test Suite 'All tests' started at 2026-10-04 17:44:10.088.
Test Suite 'All tests' passed at 2026-10-04 17:44:10.090.
	 Executed 0 tests, with 0 failures (0 unexpected) in 0.000 (0.002) seconds
◇ Test run started.
↳ Testing Library Version: 2084
↳ Target Platform: arm64e-apple-macos14.0
◇ Suite ProcessingTests started.
◇ Test compressionWithoutTargetKeepsPresetAndInvalidLimitsAreRejected() started.
✔ Test compressionWithoutTargetKeepsPresetAndInvalidLimitsAreRejected() passed after 0.352 seconds.
◇ Test encryptionDefaultsKeepMetadataAndHiddenAnnotations() started.
CoreGraphics PDF has logged an error. Set environment variable "CG_PDF_VERBOSE" to learn more.
✔ Test encryptionDefaultsKeepMetadataAndHiddenAnnotations() passed after 0.041 seconds.
◇ Test catalogAttachmentsSurviveProtectionUnlessRemovalIsExplicit() started.
✔ Test catalogAttachmentsSurviveProtectionUnlessRemovalIsExplicit() passed after 0.047 seconds.
◇ Test paperSizePreservesSearchAndVectorContentWithRotatedLandscape() started.
✔ Test paperSizePreservesSearchAndVectorContentWithRotatedLandscape() passed after 0.010 seconds.
◇ Test nativeAnnotationEditingAndArrowDirectionsRoundTripWithNonzeroCropBox() started.
✔ Test nativeAnnotationEditingAndArrowDirectionsRoundTripWithNonzeroCropBox() passed after 0.017 seconds.
◇ Test radioButtonsRemainExclusiveAndChoiceUsesExportValue() started.
✔ Test radioButtonsRemainExclusiveAndChoiceUsesExportValue() passed after 0.016 seconds.
◇ Test solidColourSignatureBackgroundIsRemovedAndTransparentInputIsPreserved() started.
✔ Test solidColourSignatureBackgroundIsRemovedAndTransparentInputIsPreserved() passed after 0.004 seconds.
◇ Test folderExportsNeverOverwriteAndBookmarkRecoveryRejectsChangedSource() started.
✔ Test folderExportsNeverOverwriteAndBookmarkRecoveryRejectsChangedSource() passed after 0.008 seconds.
◇ Test organizationAndOverlayPreserveTextAndOriginalBytes() started.
✔ Test organizationAndOverlayPreserveTextAndOriginalBytes() passed after 0.012 seconds.
◇ Test actualCompressionKeepsNativeTextAndVectors() started.
✔ Test actualCompressionKeepsNativeTextAndVectors() passed after 0.246 seconds.
◇ Test redactionRemovesTextMetadataFormsAndAnnotations() started.
✔ Test redactionRemovesTextMetadataFormsAndAnnotations() passed after 0.059 seconds.
◇ Test AES256RequiresCorrectPasswordAndEnforcesPermissions() started.
2026-10-04 17:44:10.998 swiftpm-testing-helper[53266:6111337] PDFDocument's setRotation:withPageAtIndex: failed. PDF document's user permissions does not allow document assembly.
✔ Test AES256RequiresCorrectPasswordAndEnforcesPermissions() passed after 0.047 seconds.
◇ Test OCRCorrectionsReplaceOldSearchableText() started.
✔ Test OCRCorrectionsReplaceOldSearchableText() passed after 0.023 seconds.
◇ Test PDFFormValuesRemainEditableWhenNotFlattened() started.
✔ Test PDFFormValuesRemainEditableWhenNotFlattened() passed after 0.015 seconds.
◇ Test realVisionOCRRecognizesChineseEnglishAndCreatesTextLayer() started.
✔ Test realVisionOCRRecognizesChineseEnglishAndCreatesTextLayer() passed after 0.484 seconds.
◇ Test malformedContentWithoutFontsIsRejectedByRedactionValidator() started.
✔ Test malformedContentWithoutFontsIsRejectedByRedactionValidator() passed after 0.001 seconds.
◇ Test readerPreviewIncludesOCRAndSignaturesAndInvalidatesEditedCache() started.
✔ Test readerPreviewIncludesOCRAndSignaturesAndInvalidatesEditedCache() passed after 0.129 seconds.
◇ Test cancelledExportProducesNoOutputAndPreservesOriginal() started.
✔ Test cancelledExportProducesNoOutputAndPreservesOriginal() passed after 0.005 seconds.
◇ Test persistenceOptOutAndQuotaReservationsAreDurableAndIdempotent() started.
✔ Test persistenceOptOutAndQuotaReservationsAreDurableAndIdempotent() passed after 0.040 seconds.
✔ Suite ProcessingTests passed after 1.568 seconds.
✔ Test run with 19 tests in 1 suite passed after 1.568 seconds.
◇ Test run started.
↳ Testing Library Version: 2084
↳ Target Platform: arm64e-apple-macos14.0
◇ Suite LocalizationTests started.
◇ Test workflowsHaveIndependentSnapshotsAndRequiredSteps() started.
◇ Test fourRotationsRestoreAllEditableCoordinatesAndPhysicalSizes() started.
◇ Test filenamesCannotEscapeOutputDirectory() started.
◇ Test numberRangeAndCoverAreCorrect() started.
◇ Test ocrCorrectionsPreserveBoxesAndProduceSearchableOrder() started.
◇ Test rangesRejectMalformedAndPreserveOrder() started.
◇ Test batchCheckpointsAndLegacyWorkspaceDecodeWithoutDataLoss() started.
◇ Test quotasCommitOnlyOnceAndClockRollbackDoesNotReset() started.
◇ Test pageCopiesRetainAllEditableDataWithFreshIdentitiesAndUndoOCR() started.
◇ Test choosesSupportedScriptsAndEnglishFallback() started.
◇ Test oldBatchErrorFieldsDecodeWithoutChangingUserContent() started.
◇ Test legacyNamingTokensAndNewAliasesProduceTheSameStableFilename() started.
◇ Test oldStateAndOperationCodesKeepTheirMeaning() started.
◇ Test storedLocalizedErrorsRenderInTheNewLanguage() started.
◇ Test decimalInputsRespectRegionAndRejectAmbiguousGarbage() started.
◇ Test placeholdersNeverTranslateOrReprocessUserText() started.
◇ Test allLanguageResourcesRenderAndEnglishCountsArePluralized() started.
◇ Test builtInWorkflowAliasesDoNotRenameCustomWorkflows() started.
✔ Test numberRangeAndCoverAreCorrect() passed after 0.001 seconds.
✔ Test oldStateAndOperationCodesKeepTheirMeaning() passed after 0.001 seconds.
✔ Test choosesSupportedScriptsAndEnglishFallback() passed after 0.001 seconds.
✔ Test ocrCorrectionsPreserveBoxesAndProduceSearchableOrder() passed after 0.001 seconds.
✔ Test fourRotationsRestoreAllEditableCoordinatesAndPhysicalSizes() passed after 0.001 seconds.
✔ Test rangesRejectMalformedAndPreserveOrder() passed after 0.001 seconds.
✔ Test quotasCommitOnlyOnceAndClockRollbackDoesNotReset() passed after 0.001 seconds.
✔ Test oldBatchErrorFieldsDecodeWithoutChangingUserContent() passed after 0.001 seconds.
✔ Test pageCopiesRetainAllEditableDataWithFreshIdentitiesAndUndoOCR() passed after 0.001 seconds.
✔ Test decimalInputsRespectRegionAndRejectAmbiguousGarbage() passed after 0.002 seconds.
✔ Test legacyNamingTokensAndNewAliasesProduceTheSameStableFilename() passed after 0.003 seconds.
✔ Test filenamesCannotEscapeOutputDirectory() passed after 0.003 seconds.
✔ Test workflowsHaveIndependentSnapshotsAndRequiredSteps() passed after 0.008 seconds.
✔ Test placeholdersNeverTranslateOrReprocessUserText() passed after 0.008 seconds.
✔ Test batchCheckpointsAndLegacyWorkspaceDecodeWithoutDataLoss() passed after 0.010 seconds.
✔ Test builtInWorkflowAliasesDoNotRenameCustomWorkflows() passed after 0.014 seconds.
✔ Test allLanguageResourcesRenderAndEnglishCountsArePluralized() passed after 0.015 seconds.
✔ Test storedLocalizedErrorsRenderInTheNewLanguage() passed after 0.020 seconds.
✔ Suite LocalizationTests passed after 0.020 seconds.
✔ Test run with 18 tests in 1 suite passed after 0.021 seconds.
