Command line invocation:
    /Applications/Xcode.app/Contents/Developer/usr/bin/xcodebuild -project ZipHarbor/ZipHarbor.xcodeproj -scheme ZipHarbor -destination platform=iOS,id=IPHONE14_UDID -derivedDataPath /tmp/ZipHarbor-Device-AppIcon-20261001 -allowProvisioningUpdates -parallel-testing-enabled NO -resultBundlePath docs/iphone14-acceptance-20261001/results/ui.xcresult "-only-testing:ZipHarborUITests" test

Resolve Package Graph


Resolved source packages:
  ArchiveKit: https://github.com/Lakr233/libarchive.xcframework.git @ 1.0.0

Writing result bundle at path:
	/Users/USER/github_space/zip-app/docs/iphone14-acceptance-20261001/results/ui.xcresult

ComputePackagePrebuildTargetDependencyGraph

Prepare packages

CreateBuildRequest

SendProjectDescription

CreateBuildOperation

ComputeTargetDependencyGraph
note: Building targets in dependency order
note: Target dependency graph (5 targets)
    Target 'ZipHarborUITests' in project 'ZipHarbor'
        ➜ Explicit dependency on target 'ZipHarbor' in project 'ZipHarbor'
    Target 'ZipHarborTests' in project 'ZipHarbor'
        ➜ Explicit dependency on target 'ZipHarbor' in project 'ZipHarbor'
    Target 'ZipHarbor' in project 'ZipHarbor'
        ➜ Explicit dependency on target 'ArchiveKit-product' in project 'ArchiveKit'
    Target 'ArchiveKit-product' in project 'ArchiveKit'
        ➜ Explicit dependency on target 'ArchiveKit' in project 'ArchiveKit'
    Target 'ArchiveKit' in project 'ArchiveKit' (no dependencies)

GatherProvisioningInputs

CreateBuildDescription

ClangStatCache /Applications/Xcode.app/Contents/Developer/Toolchains/XcodeDefault.xctoolchain/usr/bin/clang-stat-cache /Applications/Xcode.app/Contents/Developer/Platforms/iPhoneOS.platform/Developer/SDKs/iPhoneOS27.0.sdk /tmp/ZipHarbor-Device-AppIcon-20261001/SDKStatCaches.noindex/iphoneos27.0-24A430-6c78b3cbc238196c85e1bf6c792c5915.sdkstatcache
    cd /Users/USER/github_space/zip-app/ZipHarbor/ZipHarbor.xcodeproj
    /Applications/Xcode.app/Contents/Developer/Toolchains/XcodeDefault.xctoolchain/usr/bin/clang-stat-cache /Applications/Xcode.app/Contents/Developer/Platforms/iPhoneOS.platform/Developer/SDKs/iPhoneOS27.0.sdk -o /tmp/ZipHarbor-Device-AppIcon-20261001/SDKStatCaches.noindex/iphoneos27.0-24A430-6c78b3cbc238196c85e1bf6c792c5915.sdkstatcache

CodeSign /tmp/ZipHarbor-Device-AppIcon-20261001/Build/Products/Debug-iphoneos/ZipHarbor.app/ZipHarbor.debug.dylib (in target 'ZipHarbor' from project 'ZipHarbor')
    cd /Users/USER/github_space/zip-app/ZipHarbor
    
    Signing Identity:     "Apple Development: xiaolong xu (HY7V43DS7R)"
    Provisioning Profile: "iOS Team Provisioning Profile: *"
                          (63dd1084-944d-4fc2-ba15-f1a3f72c90a3)
    
    /usr/bin/codesign --force --sign FFD2AF526670F8DE3BED6017FCAE181F2157970F --timestamp\=none --generate-entitlement-der /tmp/ZipHarbor-Device-AppIcon-20261001/Build/Products/Debug-iphoneos/ZipHarbor.app/ZipHarbor.debug.dylib
/tmp/ZipHarbor-Device-AppIcon-20261001/Build/Products/Debug-iphoneos/ZipHarbor.app/ZipHarbor.debug.dylib: replacing existing signature

CodeSign /tmp/ZipHarbor-Device-AppIcon-20261001/Build/Products/Debug-iphoneos/ZipHarbor.app/__preview.dylib (in target 'ZipHarbor' from project 'ZipHarbor')
    cd /Users/USER/github_space/zip-app/ZipHarbor
    
    Signing Identity:     "Apple Development: xiaolong xu (HY7V43DS7R)"
    Provisioning Profile: "iOS Team Provisioning Profile: *"
                          (63dd1084-944d-4fc2-ba15-f1a3f72c90a3)
    
    /usr/bin/codesign --force --sign FFD2AF526670F8DE3BED6017FCAE181F2157970F --timestamp\=none --generate-entitlement-der /tmp/ZipHarbor-Device-AppIcon-20261001/Build/Products/Debug-iphoneos/ZipHarbor.app/__preview.dylib
/tmp/ZipHarbor-Device-AppIcon-20261001/Build/Products/Debug-iphoneos/ZipHarbor.app/__preview.dylib: replacing existing signature

CodeSign /tmp/ZipHarbor-Device-AppIcon-20261001/Build/Products/Debug-iphoneos/ZipHarbor.app (in target 'ZipHarbor' from project 'ZipHarbor')
    cd /Users/USER/github_space/zip-app/ZipHarbor
    
    Signing Identity:     "Apple Development: xiaolong xu (HY7V43DS7R)"
    Provisioning Profile: "iOS Team Provisioning Profile: *"
                          (63dd1084-944d-4fc2-ba15-f1a3f72c90a3)
    
    /usr/bin/codesign --force --sign FFD2AF526670F8DE3BED6017FCAE181F2157970F --entitlements /tmp/ZipHarbor-Device-AppIcon-20261001/Build/Intermediates.noindex/ZipHarbor.build/Debug-iphoneos/ZipHarbor.build/ZipHarbor.app.xcent --timestamp\=none --generate-entitlement-der /tmp/ZipHarbor-Device-AppIcon-20261001/Build/Products/Debug-iphoneos/ZipHarbor.app
/tmp/ZipHarbor-Device-AppIcon-20261001/Build/Products/Debug-iphoneos/ZipHarbor.app: replacing existing signature

Validate /tmp/ZipHarbor-Device-AppIcon-20261001/Build/Products/Debug-iphoneos/ZipHarbor.app (in target 'ZipHarbor' from project 'ZipHarbor')
    cd /Users/USER/github_space/zip-app/ZipHarbor
    builtin-validationUtility /tmp/ZipHarbor-Device-AppIcon-20261001/Build/Products/Debug-iphoneos/ZipHarbor.app -shallow-bundle -infoplist-subpath Info.plist

PruneExplicitPrecompiledModules /tmp/ZipHarbor-Device-AppIcon-20261001/Build/Intermediates.noindex/SwiftExplicitPrecompiledModules

PruneExplicitPrecompiledModules /tmp/ZipHarbor-Device-AppIcon-20261001/Build/Intermediates.noindex/ExplicitPrecompiledModules

PruneExplicitPrecompiledModules /tmp/ZipHarbor-Device-AppIcon-20261001/SDKExplicitPrecompiledModules

2026-10-01 22:46:29.531757+0800 ZipHarborUITests-Runner[15113:6249105] [Default] Running tests...
2026-10-01 22:46:29.632732+0800 ZipHarborUITests-Runner[15113:6249105] [MC] Reading from public effective user settings.
2026-10-01 22:46:45.775228+0800 ZipHarborUITests-Runner[15113:6249105] [Default] Failed to initialize for UI testing: Error Domain=com.apple.LocalAuthentication Code=-1 "认证失败。" UserInfo={NSLocalizedDescription=认证失败。, NSUnderlyingError=0x1072a3870 {Error Domain=com.apple.sharing.authentication Code=12 "Timed out waiting for response" UserInfo={NSDebugDescription=Timed out waiting for response, SFAutoUnlockManagerErrorBody=请确保iPhone已开机并至少解锁过一次，且在附近。, SFAutoUnlockManagerErrorTitle=无法与iPhone通信}}}


*** If you believe this error represents a bug, please attach the result bundle at /Users/USER/github_space/zip-app/docs/iphone14-acceptance-20261001/results/ui.xcresult

2026-10-01 22:46:44.057 xcodebuild[61032:4103025]  IDETestOperationsObserverDebug: Failure collecting diagnostics from devices: Process exited with error 1:
 ERROR: The operation couldn?t be completed. (CoreDeviceCLISupport.DiagnoseError error 0.)
This tool generates files that allow Apple to investigate issues with your
computer and help improve Apple products. The files might contain personal
information found on your device or associated with your Apple Account(s),
including but not limited to your name, serial numbers of your device,
your device name, your device's location over the last one to two days,
your attached peripheral devices, your user name, your email address and
email settings, file paths, file names, Siri suggestions, your computer's
IP addresses, and network connection information.

This information is used by Apple in accordance with its privacy policy
(www.apple.com/privacy) and is not shared with any other company. By using
this tool and sending the results to Apple, you consent to Apple using the
contents of these files to improve Apple products.

An error occurred while running devicectl diagnose. Will archive the diagnostics collected thus far.
Wrote file to /Users/USER/github_space/zip-app/docs/iphone14-acceptance-20261001/results/ui.xcresult/Staging/1_Test/Diagnostics/devicectl_diagnostics.zip
Partial devicectl diagnose bundle located here: /Users/USER/github_space/zip-app/docs/iphone14-acceptance-20261001/results/ui.xcresult/Staging/1_Test/Diagnostics/devicectl_diagnostics.zip

2026-10-01 22:46:44.078 xcodebuild[61032:4102944] [MT] IDETestOperationsObserverDebug: 19.717 elapsed -- Testing started completed.
2026-10-01 22:46:44.078 xcodebuild[61032:4102944] [MT] IDETestOperationsObserverDebug: 0.000 sec, +0.000 sec -- start
2026-10-01 22:46:44.078 xcodebuild[61032:4102944] [MT] IDETestOperationsObserverDebug: 19.717 sec, +19.717 sec -- end

Test session results, code coverage, and logs:
	/Users/USER/github_space/zip-app/docs/iphone14-acceptance-20261001/results/ui.xcresult

Testing failed:
	ZipHarborUITests-Runner (15113) encountered an error (The test runner failed to initialize for UI testing. (Underlying Error: 认证失败。. (Underlying Error: The operation couldn’t be completed. (com.apple.sharing.authentication error 12.). Timed out waiting for response)))

** TEST FAILED **

Testing started
