Command line invocation:
    /Applications/Xcode.app/Contents/Developer/usr/bin/xcodebuild -project ZipHarbor/ZipHarbor.xcodeproj -scheme ZipHarbor -destination "platform=iOS Simulator,id=1AD6D2D0-A263-4965-9686-A1D292533A48" -derivedDataPath /tmp/ZipHarbor-Migration -resultBundlePath /tmp/ZipHarbor-Conflict-Sim.xcresult -parallel-testing-enabled NO test "-only-testing:ZipHarborUITests/ZipHarborUITests/testRepeatedExtractionConflictCancelRetryAndKeepBoth"

Resolve Package Graph


Resolved source packages:
  ArchiveKit: https://github.com/Lakr233/libarchive.xcframework.git @ 1.0.0

Writing result bundle at path:
	/tmp/ZipHarbor-Conflict-Sim.xcresult

ComputePackagePrebuildTargetDependencyGraph

Prepare packages

CreateBuildRequest

SendProjectDescription

CreateBuildOperation

ComputeTargetDependencyGraph
note: Building targets in dependency order
note: Target dependency graph (5 targets)
    Target 'ZipHarborUITests' in project 'ZipHarbor'
        ➜ Explicit dependency on target 'ZipHarbor' in project 'ZipHarbor'
    Target 'ZipHarborTests' in project 'ZipHarbor'
        ➜ Explicit dependency on target 'ZipHarbor' in project 'ZipHarbor'
    Target 'ZipHarbor' in project 'ZipHarbor'
        ➜ Explicit dependency on target 'ArchiveKit-product' in project 'ArchiveKit'
    Target 'ArchiveKit-product' in project 'ArchiveKit'
        ➜ Explicit dependency on target 'ArchiveKit' in project 'ArchiveKit'
    Target 'ArchiveKit' in project 'ArchiveKit' (no dependencies)

GatherProvisioningInputs

CreateBuildDescription

ClangStatCache /Applications/Xcode.app/Contents/Developer/Toolchains/XcodeDefault.xctoolchain/usr/bin/clang-stat-cache /Applications/Xcode.app/Contents/Developer/Platforms/iPhoneSimulator.platform/Developer/SDKs/iPhoneSimulator27.0.sdk /tmp/ZipHarbor-Migration/SDKStatCaches.noindex/iphonesimulator27.0-24A430-8dc58220667be655e1bcc261a7455254.sdkstatcache
    cd /Users/USER/github_space/zip-app/ZipHarbor/ZipHarbor.xcodeproj
    /Applications/Xcode.app/Contents/Developer/Toolchains/XcodeDefault.xctoolchain/usr/bin/clang-stat-cache /Applications/Xcode.app/Contents/Developer/Platforms/iPhoneSimulator.platform/Developer/SDKs/iPhoneSimulator27.0.sdk -o /tmp/ZipHarbor-Migration/SDKStatCaches.noindex/iphonesimulator27.0-24A430-8dc58220667be655e1bcc261a7455254.sdkstatcache

SwiftDriver ZipHarborUITests normal arm64 com.apple.xcode.tools.swift.compiler (in target 'ZipHarborUITests' from project 'ZipHarbor')
    cd /Users/USER/github_space/zip-app/ZipHarbor
    builtin-SwiftDriver -- /Applications/Xcode.app/Contents/Developer/Toolchains/XcodeDefault.xctoolchain/usr/bin/swiftc -module-name ZipHarborUITests -Onone @/tmp/ZipHarbor-Migration/Build/Intermediates.noindex/ZipHarbor.build/Debug-iphonesimulator/ZipHarborUITests.build/Objects-normal/arm64/ZipHarborUITests.SwiftFileList -DDEBUG -module-alias Testing\=_Testing_Unavailable -plugin-path /Applications/Xcode.app/Contents/Developer/Toolchains/XcodeDefault.xctoolchain/usr/lib/swift/host/plugins/testing -enable-experimental-feature DebugDescriptionMacro -sdk /Applications/Xcode.app/Contents/Developer/Platforms/iPhoneSimulator.platform/Developer/SDKs/iPhoneSimulator27.0.sdk -target arm64-apple-ios17.0-simulator -g -module-cache-path /tmp/ZipHarbor-Migration/ModuleCache.noindex -Xfrontend -serialize-debugging-options -enable-testing -index-store-path /tmp/ZipHarbor-Migration/Index.noindex/DataStore -Xcc -D_LIBCPP_HARDENING_MODE\=_LIBCPP_HARDENING_MODE_DEBUG -swift-version 6 -I /tmp/ZipHarbor-Migration/Build/Products/Debug-iphonesimulator -Isystem /Applications/Xcode.app/Contents/Developer/Platforms/iPhoneSimulator.platform/Developer/usr/lib -F /tmp/ZipHarbor-Migration/Build/Products/Debug-iphonesimulator -F /Applications/Xcode.app/Contents/Developer/Platforms/iPhoneSimulator.platform/Developer/Library/Frameworks -F /Applications/Xcode.app/Contents/Developer/Platforms/iPhoneSimulator.platform/Developer/SDKs/iPhoneSimulator27.0.sdk/Developer/Library/Frameworks -parse-as-library -c -j15 -enable-batch-mode -incremental -Xcc -ivfsstatcache -Xcc /tmp/ZipHarbor-Migration/SDKStatCaches.noindex/iphonesimulator27.0-24A430-8dc58220667be655e1bcc261a7455254.sdkstatcache -output-file-map /tmp/ZipHarbor-Migration/Build/Intermediates.noindex/ZipHarbor.build/Debug-iphonesimulator/ZipHarborUITests.build/Objects-normal/arm64/ZipHarborUITests-OutputFileMap.json -save-temps -no-color-diagnostics -explicit-module-build -module-cache-path /tmp/ZipHarbor-Migration/Build/Intermediates.noindex/SwiftExplicitPrecompiledModules -clang-scanner-module-cache-path /tmp/ZipHarbor-Migration/ModuleCache.noindex -sdk-module-cache-path /tmp/ZipHarbor-Migration/SDKExplicitPrecompiledModules -emit-dependencies -emit-module -emit-module-path /tmp/ZipHarbor-Migration/Build/Intermediates.noindex/ZipHarbor.build/Debug-iphonesimulator/ZipHarborUITests.build/Objects-normal/arm64/ZipHarborUITests.swiftmodule -serialize-diagnostics -dependency-scan-serialize-diagnostics-path /tmp/ZipHarbor-Migration/Build/Intermediates.noindex/ZipHarbor.build/Debug-iphonesimulator/ZipHarborUITests.build/Objects-normal/arm64/ZipHarborUITests-dependency-scan.dia -validate-clang-modules-once -clang-build-session-file /tmp/ZipHarbor-Migration/ModuleCache.noindex/Session.modulevalidation -Xcc -fmodules-prune-interval\=86400 -Xcc -fmodules-prune-after\=345600 -emit-const-values -const-gather-protocols-list /tmp/ZipHarbor-Migration/Build/Intermediates.noindex/ZipHarbor.build/Debug-iphonesimulator/ZipHarborUITests.build/Objects-normal/arm64/ZipHarborUITests_const_extract_protocols.json -Xcc -iquote -Xcc /tmp/ZipHarbor-Migration/Build/Intermediates.noindex/ZipHarbor.build/Debug-iphonesimulator/ZipHarborUITests.build/ZipHarborUITests-generated-files.hmap -Xcc -I/tmp/ZipHarbor-Migration/Build/Intermediates.noindex/ZipHarbor.build/Debug-iphonesimulator/ZipHarborUITests.build/ZipHarborUITests-own-target-headers.hmap -Xcc -I/tmp/ZipHarbor-Migration/Build/Intermediates.noindex/ZipHarbor.build/Debug-iphonesimulator/ZipHarborUITests.build/ZipHarborUITests-all-non-framework-target-headers.hmap -Xcc -ivfsoverlay -Xcc /tmp/ZipHarbor-Migration/Build/Intermediates.noindex/ZipHarbor.build/Debug-iphonesimulator/ZipHarbor-576ff8f1de8c1a2cbc0351e2756fa15b-VFS-iphonesimulator/all-product-headers.yaml -Xcc -iquote -Xcc /tmp/ZipHarbor-Migration/Build/Intermediates.noindex/ZipHarbor.build/Debug-iphonesimulator/ZipHarborUITests.build/ZipHarborUITests-project-headers.hmap -Xcc -I/tmp/ZipHarbor-Migration/Build/Products/Debug-iphonesimulator/include -Xcc -I/tmp/ZipHarbor-Migration/Build/Intermediates.noindex/ZipHarbor.build/Debug-iphonesimulator/ZipHarborUITests.build/DerivedSources-normal/arm64 -Xcc -I/tmp/ZipHarbor-Migration/Build/Intermediates.noindex/ZipHarbor.build/Debug-iphonesimulator/ZipHarborUITests.build/DerivedSources/arm64 -Xcc -I/tmp/ZipHarbor-Migration/Build/Intermediates.noindex/ZipHarbor.build/Debug-iphonesimulator/ZipHarborUITests.build/DerivedSources -Xcc -DDEBUG\=1 -emit-objc-header -emit-objc-header-path /tmp/ZipHarbor-Migration/Build/Intermediates.noindex/ZipHarbor.build/Debug-iphonesimulator/ZipHarborUITests.build/Objects-normal/arm64/ZipHarborUITests-Swift.h -working-directory /Users/USER/github_space/zip-app/ZipHarbor -experimental-emit-module-separately -disable-cmo

SwiftEmitModule normal arm64 Emitting\ module\ for\ ZipHarborUITests (in target 'ZipHarborUITests' from project 'ZipHarbor')

SwiftCompile normal arm64 (in target 'ZipHarborUITests' from project 'ZipHarbor')
    cd /Users/USER/github_space/zip-app/ZipHarbor
    

SwiftCompile normal arm64 Compiling\ ZipHarborUITests.swift /Users/USER/github_space/zip-app/ZipHarbor/ZipHarborUITests/ZipHarborUITests.swift (in target 'ZipHarborUITests' from project 'ZipHarbor')

SwiftCompile normal arm64 /Users/USER/github_space/zip-app/ZipHarbor/ZipHarborUITests/ZipHarborUITests.swift (in target 'ZipHarborUITests' from project 'ZipHarbor')
    cd /Users/USER/github_space/zip-app/ZipHarbor
    builtin-SwiftPerFileCompile ZipHarborUITests.swift

SwiftDriverJobDiscovery normal arm64 Emitting module for ZipHarborUITests (in target 'ZipHarborUITests' from project 'ZipHarbor')

SwiftDriver\ Compilation\ Requirements ZipHarborUITests normal arm64 com.apple.xcode.tools.swift.compiler (in target 'ZipHarborUITests' from project 'ZipHarbor')
    cd /Users/USER/github_space/zip-app/ZipHarbor
    builtin-Swift-Compilation-Requirements -- /Applications/Xcode.app/Contents/Developer/Toolchains/XcodeDefault.xctoolchain/usr/bin/swiftc -module-name ZipHarborUITests -Onone @/tmp/ZipHarbor-Migration/Build/Intermediates.noindex/ZipHarbor.build/Debug-iphonesimulator/ZipHarborUITests.build/Objects-normal/arm64/ZipHarborUITests.SwiftFileList -DDEBUG -module-alias Testing\=_Testing_Unavailable -plugin-path /Applications/Xcode.app/Contents/Developer/Toolchains/XcodeDefault.xctoolchain/usr/lib/swift/host/plugins/testing -enable-experimental-feature DebugDescriptionMacro -sdk /Applications/Xcode.app/Contents/Developer/Platforms/iPhoneSimulator.platform/Developer/SDKs/iPhoneSimulator27.0.sdk -target arm64-apple-ios17.0-simulator -g -module-cache-path /tmp/ZipHarbor-Migration/ModuleCache.noindex -Xfrontend -serialize-debugging-options -enable-testing -index-store-path /tmp/ZipHarbor-Migration/Index.noindex/DataStore -Xcc -D_LIBCPP_HARDENING_MODE\=_LIBCPP_HARDENING_MODE_DEBUG -swift-version 6 -I /tmp/ZipHarbor-Migration/Build/Products/Debug-iphonesimulator -Isystem /Applications/Xcode.app/Contents/Developer/Platforms/iPhoneSimulator.platform/Developer/usr/lib -F /tmp/ZipHarbor-Migration/Build/Products/Debug-iphonesimulator -F /Applications/Xcode.app/Contents/Developer/Platforms/iPhoneSimulator.platform/Developer/Library/Frameworks -F /Applications/Xcode.app/Contents/Developer/Platforms/iPhoneSimulator.platform/Developer/SDKs/iPhoneSimulator27.0.sdk/Developer/Library/Frameworks -parse-as-library -c -j15 -enable-batch-mode -incremental -Xcc -ivfsstatcache -Xcc /tmp/ZipHarbor-Migration/SDKStatCaches.noindex/iphonesimulator27.0-24A430-8dc58220667be655e1bcc261a7455254.sdkstatcache -output-file-map /tmp/ZipHarbor-Migration/Build/Intermediates.noindex/ZipHarbor.build/Debug-iphonesimulator/ZipHarborUITests.build/Objects-normal/arm64/ZipHarborUITests-OutputFileMap.json -save-temps -no-color-diagnostics -explicit-module-build -module-cache-path /tmp/ZipHarbor-Migration/Build/Intermediates.noindex/SwiftExplicitPrecompiledModules -clang-scanner-module-cache-path /tmp/ZipHarbor-Migration/ModuleCache.noindex -sdk-module-cache-path /tmp/ZipHarbor-Migration/SDKExplicitPrecompiledModules -emit-dependencies -emit-module -emit-module-path /tmp/ZipHarbor-Migration/Build/Intermediates.noindex/ZipHarbor.build/Debug-iphonesimulator/ZipHarborUITests.build/Objects-normal/arm64/ZipHarborUITests.swiftmodule -serialize-diagnostics -dependency-scan-serialize-diagnostics-path /tmp/ZipHarbor-Migration/Build/Intermediates.noindex/ZipHarbor.build/Debug-iphonesimulator/ZipHarborUITests.build/Objects-normal/arm64/ZipHarborUITests-dependency-scan.dia -validate-clang-modules-once -clang-build-session-file /tmp/ZipHarbor-Migration/ModuleCache.noindex/Session.modulevalidation -Xcc -fmodules-prune-interval\=86400 -Xcc -fmodules-prune-after\=345600 -emit-const-values -const-gather-protocols-list /tmp/ZipHarbor-Migration/Build/Intermediates.noindex/ZipHarbor.build/Debug-iphonesimulator/ZipHarborUITests.build/Objects-normal/arm64/ZipHarborUITests_const_extract_protocols.json -Xcc -iquote -Xcc /tmp/ZipHarbor-Migration/Build/Intermediates.noindex/ZipHarbor.build/Debug-iphonesimulator/ZipHarborUITests.build/ZipHarborUITests-generated-files.hmap -Xcc -I/tmp/ZipHarbor-Migration/Build/Intermediates.noindex/ZipHarbor.build/Debug-iphonesimulator/ZipHarborUITests.build/ZipHarborUITests-own-target-headers.hmap -Xcc -I/tmp/ZipHarbor-Migration/Build/Intermediates.noindex/ZipHarbor.build/Debug-iphonesimulator/ZipHarborUITests.build/ZipHarborUITests-all-non-framework-target-headers.hmap -Xcc -ivfsoverlay -Xcc /tmp/ZipHarbor-Migration/Build/Intermediates.noindex/ZipHarbor.build/Debug-iphonesimulator/ZipHarbor-576ff8f1de8c1a2cbc0351e2756fa15b-VFS-iphonesimulator/all-product-headers.yaml -Xcc -iquote -Xcc /tmp/ZipHarbor-Migration/Build/Intermediates.noindex/ZipHarbor.build/Debug-iphonesimulator/ZipHarborUITests.build/ZipHarborUITests-project-headers.hmap -Xcc -I/tmp/ZipHarbor-Migration/Build/Products/Debug-iphonesimulator/include -Xcc -I/tmp/ZipHarbor-Migration/Build/Intermediates.noindex/ZipHarbor.build/Debug-iphonesimulator/ZipHarborUITests.build/DerivedSources-normal/arm64 -Xcc -I/tmp/ZipHarbor-Migration/Build/Intermediates.noindex/ZipHarbor.build/Debug-iphonesimulator/ZipHarborUITests.build/DerivedSources/arm64 -Xcc -I/tmp/ZipHarbor-Migration/Build/Intermediates.noindex/ZipHarbor.build/Debug-iphonesimulator/ZipHarborUITests.build/DerivedSources -Xcc -DDEBUG\=1 -emit-objc-header -emit-objc-header-path /tmp/ZipHarbor-Migration/Build/Intermediates.noindex/ZipHarbor.build/Debug-iphonesimulator/ZipHarborUITests.build/Objects-normal/arm64/ZipHarborUITests-Swift.h -working-directory /Users/USER/github_space/zip-app/ZipHarbor -experimental-emit-module-separately -disable-cmo

Copy /tmp/ZipHarbor-Migration/Build/Products/Debug-iphonesimulator/ZipHarborUITests.swiftmodule/Project/arm64-apple-ios-simulator.swiftsourceinfo /tmp/ZipHarbor-Migration/Build/Intermediates.noindex/ZipHarbor.build/Debug-iphonesimulator/ZipHarborUITests.build/Objects-normal/arm64/ZipHarborUITests.swiftsourceinfo (in target 'ZipHarborUITests' from project 'ZipHarbor')
    cd /Users/USER/github_space/zip-app/ZipHarbor
    builtin-copy -exclude .DS_Store -exclude CVS -exclude .svn -exclude .git -exclude .hg -resolve-src-symlinks -rename /tmp/ZipHarbor-Migration/Build/Intermediates.noindex/ZipHarbor.build/Debug-iphonesimulator/ZipHarborUITests.build/Objects-normal/arm64/ZipHarborUITests.swiftsourceinfo /tmp/ZipHarbor-Migration/Build/Products/Debug-iphonesimulator/ZipHarborUITests.swiftmodule/Project/arm64-apple-ios-simulator.swiftsourceinfo

Copy /tmp/ZipHarbor-Migration/Build/Products/Debug-iphonesimulator/ZipHarborUITests.swiftmodule/arm64-apple-ios-simulator.swiftmodule /tmp/ZipHarbor-Migration/Build/Intermediates.noindex/ZipHarbor.build/Debug-iphonesimulator/ZipHarborUITests.build/Objects-normal/arm64/ZipHarborUITests.swiftmodule (in target 'ZipHarborUITests' from project 'ZipHarbor')
    cd /Users/USER/github_space/zip-app/ZipHarbor
    builtin-copy -exclude .DS_Store -exclude CVS -exclude .svn -exclude .git -exclude .hg -resolve-src-symlinks -rename /tmp/ZipHarbor-Migration/Build/Intermediates.noindex/ZipHarbor.build/Debug-iphonesimulator/ZipHarborUITests.build/Objects-normal/arm64/ZipHarborUITests.swiftmodule /tmp/ZipHarbor-Migration/Build/Products/Debug-iphonesimulator/ZipHarborUITests.swiftmodule/arm64-apple-ios-simulator.swiftmodule

Copy /tmp/ZipHarbor-Migration/Build/Products/Debug-iphonesimulator/ZipHarborUITests.swiftmodule/arm64-apple-ios-simulator.abi.json /tmp/ZipHarbor-Migration/Build/Intermediates.noindex/ZipHarbor.build/Debug-iphonesimulator/ZipHarborUITests.build/Objects-normal/arm64/ZipHarborUITests.abi.json (in target 'ZipHarborUITests' from project 'ZipHarbor')
    cd /Users/USER/github_space/zip-app/ZipHarbor
    builtin-copy -exclude .DS_Store -exclude CVS -exclude .svn -exclude .git -exclude .hg -resolve-src-symlinks -rename /tmp/ZipHarbor-Migration/Build/Intermediates.noindex/ZipHarbor.build/Debug-iphonesimulator/ZipHarborUITests.build/Objects-normal/arm64/ZipHarborUITests.abi.json /tmp/ZipHarbor-Migration/Build/Products/Debug-iphonesimulator/ZipHarborUITests.swiftmodule/arm64-apple-ios-simulator.abi.json

SwiftDriverJobDiscovery normal arm64 Compiling ZipHarborUITests.swift (in target 'ZipHarborUITests' from project 'ZipHarbor')

SwiftDriver\ Compilation ZipHarborUITests normal arm64 com.apple.xcode.tools.swift.compiler (in target 'ZipHarborUITests' from project 'ZipHarbor')
    cd /Users/USER/github_space/zip-app/ZipHarbor
    builtin-Swift-Compilation -- /Applications/Xcode.app/Contents/Developer/Toolchains/XcodeDefault.xctoolchain/usr/bin/swiftc -module-name ZipHarborUITests -Onone @/tmp/ZipHarbor-Migration/Build/Intermediates.noindex/ZipHarbor.build/Debug-iphonesimulator/ZipHarborUITests.build/Objects-normal/arm64/ZipHarborUITests.SwiftFileList -DDEBUG -module-alias Testing\=_Testing_Unavailable -plugin-path /Applications/Xcode.app/Contents/Developer/Toolchains/XcodeDefault.xctoolchain/usr/lib/swift/host/plugins/testing -enable-experimental-feature DebugDescriptionMacro -sdk /Applications/Xcode.app/Contents/Developer/Platforms/iPhoneSimulator.platform/Developer/SDKs/iPhoneSimulator27.0.sdk -target arm64-apple-ios17.0-simulator -g -module-cache-path /tmp/ZipHarbor-Migration/ModuleCache.noindex -Xfrontend -serialize-debugging-options -enable-testing -index-store-path /tmp/ZipHarbor-Migration/Index.noindex/DataStore -Xcc -D_LIBCPP_HARDENING_MODE\=_LIBCPP_HARDENING_MODE_DEBUG -swift-version 6 -I /tmp/ZipHarbor-Migration/Build/Products/Debug-iphonesimulator -Isystem /Applications/Xcode.app/Contents/Developer/Platforms/iPhoneSimulator.platform/Developer/usr/lib -F /tmp/ZipHarbor-Migration/Build/Products/Debug-iphonesimulator -F /Applications/Xcode.app/Contents/Developer/Platforms/iPhoneSimulator.platform/Developer/Library/Frameworks -F /Applications/Xcode.app/Contents/Developer/Platforms/iPhoneSimulator.platform/Developer/SDKs/iPhoneSimulator27.0.sdk/Developer/Library/Frameworks -parse-as-library -c -j15 -enable-batch-mode -incremental -Xcc -ivfsstatcache -Xcc /tmp/ZipHarbor-Migration/SDKStatCaches.noindex/iphonesimulator27.0-24A430-8dc58220667be655e1bcc261a7455254.sdkstatcache -output-file-map /tmp/ZipHarbor-Migration/Build/Intermediates.noindex/ZipHarbor.build/Debug-iphonesimulator/ZipHarborUITests.build/Objects-normal/arm64/ZipHarborUITests-OutputFileMap.json -save-temps -no-color-diagnostics -explicit-module-build -module-cache-path /tmp/ZipHarbor-Migration/Build/Intermediates.noindex/SwiftExplicitPrecompiledModules -clang-scanner-module-cache-path /tmp/ZipHarbor-Migration/ModuleCache.noindex -sdk-module-cache-path /tmp/ZipHarbor-Migration/SDKExplicitPrecompiledModules -emit-dependencies -emit-module -emit-module-path /tmp/ZipHarbor-Migration/Build/Intermediates.noindex/ZipHarbor.build/Debug-iphonesimulator/ZipHarborUITests.build/Objects-normal/arm64/ZipHarborUITests.swiftmodule -serialize-diagnostics -dependency-scan-serialize-diagnostics-path /tmp/ZipHarbor-Migration/Build/Intermediates.noindex/ZipHarbor.build/Debug-iphonesimulator/ZipHarborUITests.build/Objects-normal/arm64/ZipHarborUITests-dependency-scan.dia -validate-clang-modules-once -clang-build-session-file /tmp/ZipHarbor-Migration/ModuleCache.noindex/Session.modulevalidation -Xcc -fmodules-prune-interval\=86400 -Xcc -fmodules-prune-after\=345600 -emit-const-values -const-gather-protocols-list /tmp/ZipHarbor-Migration/Build/Intermediates.noindex/ZipHarbor.build/Debug-iphonesimulator/ZipHarborUITests.build/Objects-normal/arm64/ZipHarborUITests_const_extract_protocols.json -Xcc -iquote -Xcc /tmp/ZipHarbor-Migration/Build/Intermediates.noindex/ZipHarbor.build/Debug-iphonesimulator/ZipHarborUITests.build/ZipHarborUITests-generated-files.hmap -Xcc -I/tmp/ZipHarbor-Migration/Build/Intermediates.noindex/ZipHarbor.build/Debug-iphonesimulator/ZipHarborUITests.build/ZipHarborUITests-own-target-headers.hmap -Xcc -I/tmp/ZipHarbor-Migration/Build/Intermediates.noindex/ZipHarbor.build/Debug-iphonesimulator/ZipHarborUITests.build/ZipHarborUITests-all-non-framework-target-headers.hmap -Xcc -ivfsoverlay -Xcc /tmp/ZipHarbor-Migration/Build/Intermediates.noindex/ZipHarbor.build/Debug-iphonesimulator/ZipHarbor-576ff8f1de8c1a2cbc0351e2756fa15b-VFS-iphonesimulator/all-product-headers.yaml -Xcc -iquote -Xcc /tmp/ZipHarbor-Migration/Build/Intermediates.noindex/ZipHarbor.build/Debug-iphonesimulator/ZipHarborUITests.build/ZipHarborUITests-project-headers.hmap -Xcc -I/tmp/ZipHarbor-Migration/Build/Products/Debug-iphonesimulator/include -Xcc -I/tmp/ZipHarbor-Migration/Build/Intermediates.noindex/ZipHarbor.build/Debug-iphonesimulator/ZipHarborUITests.build/DerivedSources-normal/arm64 -Xcc -I/tmp/ZipHarbor-Migration/Build/Intermediates.noindex/ZipHarbor.build/Debug-iphonesimulator/ZipHarborUITests.build/DerivedSources/arm64 -Xcc -I/tmp/ZipHarbor-Migration/Build/Intermediates.noindex/ZipHarbor.build/Debug-iphonesimulator/ZipHarborUITests.build/DerivedSources -Xcc -DDEBUG\=1 -emit-objc-header -emit-objc-header-path /tmp/ZipHarbor-Migration/Build/Intermediates.noindex/ZipHarbor.build/Debug-iphonesimulator/ZipHarborUITests.build/Objects-normal/arm64/ZipHarborUITests-Swift.h -working-directory /Users/USER/github_space/zip-app/ZipHarbor -experimental-emit-module-separately -disable-cmo

Ld /tmp/ZipHarbor-Migration/Build/Products/Debug-iphonesimulator/ZipHarborUITests-Runner.app/PlugIns/ZipHarborUITests.xctest/ZipHarborUITests normal (in target 'ZipHarborUITests' from project 'ZipHarbor')
    cd /Users/USER/github_space/zip-app/ZipHarbor
    /Applications/Xcode.app/Contents/Developer/Toolchains/XcodeDefault.xctoolchain/usr/bin/clang -Xlinker -reproducible -target arm64-apple-ios17.0-simulator -bundle -isysroot /Applications/Xcode.app/Contents/Developer/Platforms/iPhoneSimulator.platform/Developer/SDKs/iPhoneSimulator27.0.sdk -O0 -Xlinker -no_warn_duplicate_libraries -L/tmp/ZipHarbor-Migration/Build/Intermediates.noindex/EagerLinkingTBDs/Debug-iphonesimulator -L/tmp/ZipHarbor-Migration/Build/Products/Debug-iphonesimulator -L/Applications/Xcode.app/Contents/Developer/Platforms/iPhoneSimulator.platform/Developer/usr/lib -F/tmp/ZipHarbor-Migration/Build/Intermediates.noindex/EagerLinkingTBDs/Debug-iphonesimulator -F/tmp/ZipHarbor-Migration/Build/Products/Debug-iphonesimulator -iframework /Applications/Xcode.app/Contents/Developer/Platforms/iPhoneSimulator.platform/Developer/Library/Frameworks -iframework /Applications/Xcode.app/Contents/Developer/Platforms/iPhoneSimulator.platform/Developer/SDKs/iPhoneSimulator27.0.sdk/Developer/Library/Frameworks -filelist /tmp/ZipHarbor-Migration/Build/Intermediates.noindex/ZipHarbor.build/Debug-iphonesimulator/ZipHarborUITests.build/Objects-normal/arm64/ZipHarborUITests.LinkFileList -Xlinker -rpath -Xlinker /usr/lib/swift -Xlinker -rpath -Xlinker @loader_path/Frameworks -Xlinker -dead_strip -Xlinker -object_path_lto -Xlinker /tmp/ZipHarbor-Migration/Build/Intermediates.noindex/ZipHarbor.build/Debug-iphonesimulator/ZipHarborUITests.build/Objects-normal/arm64/ZipHarborUITests_lto.o -rdynamic -Xlinker -no_deduplicate -Xlinker -objc_abi_version -Xlinker 2 -Xlinker -dependency_info -Xlinker /tmp/ZipHarbor-Migration/Build/Intermediates.noindex/ZipHarbor.build/Debug-iphonesimulator/ZipHarborUITests.build/Objects-normal/arm64/ZipHarborUITests_dependency_info.dat -fobjc-link-runtime -L/Applications/Xcode.app/Contents/Developer/Toolchains/XcodeDefault.xctoolchain/usr/lib/swift/iphonesimulator -L/usr/lib/swift -Xlinker -add_ast_path -Xlinker /tmp/ZipHarbor-Migration/Build/Intermediates.noindex/ZipHarbor.build/Debug-iphonesimulator/ZipHarborUITests.build/Objects-normal/arm64/ZipHarborUITests.swiftmodule -Xlinker -needed_framework -Xlinker XCTest -framework XCTest -Xlinker -needed-lXCTestSwiftSupport -lXCTestSwiftSupport -Xlinker -sectcreate -Xlinker __TEXT -Xlinker __entitlements -Xlinker /tmp/ZipHarbor-Migration/Build/Intermediates.noindex/ZipHarbor.build/Debug-iphonesimulator/ZipHarborUITests.build/ZipHarborUITests.xctest-Simulated.xcent -Xlinker -sectcreate -Xlinker __TEXT -Xlinker __ents_der -Xlinker /tmp/ZipHarbor-Migration/Build/Intermediates.noindex/ZipHarbor.build/Debug-iphonesimulator/ZipHarborUITests.build/ZipHarborUITests.xctest-Simulated.xcent.der -Xlinker -no_adhoc_codesign -o /tmp/ZipHarbor-Migration/Build/Products/Debug-iphonesimulator/ZipHarborUITests-Runner.app/PlugIns/ZipHarborUITests.xctest/ZipHarborUITests

CopySwiftLibs /tmp/ZipHarbor-Migration/Build/Products/Debug-iphonesimulator/ZipHarborUITests-Runner.app/PlugIns/ZipHarborUITests.xctest (in target 'ZipHarborUITests' from project 'ZipHarbor')
    cd /Users/USER/github_space/zip-app/ZipHarbor
    builtin-swiftStdLibTool --copy --verbose --sign - --scan-executable /tmp/ZipHarbor-Migration/Build/Products/Debug-iphonesimulator/ZipHarborUITests-Runner.app/PlugIns/ZipHarborUITests.xctest/ZipHarborUITests --scan-folder /tmp/ZipHarbor-Migration/Build/Products/Debug-iphonesimulator/ZipHarborUITests-Runner.app/PlugIns/ZipHarborUITests.xctest/Frameworks --scan-folder /tmp/ZipHarbor-Migration/Build/Products/Debug-iphonesimulator/ZipHarborUITests-Runner.app/PlugIns/ZipHarborUITests.xctest/PlugIns --scan-folder /tmp/ZipHarbor-Migration/Build/Products/Debug-iphonesimulator/ZipHarborUITests-Runner.app/PlugIns/ZipHarborUITests.xctest/SystemExtensions --scan-folder /tmp/ZipHarbor-Migration/Build/Products/Debug-iphonesimulator/ZipHarborUITests-Runner.app/PlugIns/ZipHarborUITests.xctest/Extensions --platform iphonesimulator --toolchain /Applications/Xcode.app/Contents/Developer/Toolchains/XcodeDefault.xctoolchain --destination /tmp/ZipHarbor-Migration/Build/Products/Debug-iphonesimulator/ZipHarborUITests-Runner.app/PlugIns/ZipHarborUITests.xctest/Frameworks --strip-bitcode --scan-executable /Applications/Xcode.app/Contents/Developer/Platforms/iPhoneSimulator.platform/Developer/usr/lib/libXCTestSwiftSupport.dylib --strip-bitcode-tool /Applications/Xcode.app/Contents/Developer/Toolchains/XcodeDefault.xctoolchain/usr/bin/bitcode_strip --emit-dependency-info /tmp/ZipHarbor-Migration/Build/Intermediates.noindex/ZipHarbor.build/Debug-iphonesimulator/ZipHarborUITests.build/SwiftStdLibToolInputDependencies.dep --filter-for-swift-os

ExtractAppIntentsMetadata (in target 'ZipHarborUITests' from project 'ZipHarbor')
    cd /Users/USER/github_space/zip-app/ZipHarbor
    /Applications/Xcode.app/Contents/Developer/Toolchains/XcodeDefault.xctoolchain/usr/bin/appintentsmetadataprocessor --toolchain-dir /Applications/Xcode.app/Contents/Developer/Toolchains/XcodeDefault.xctoolchain --module-name ZipHarborUITests --sdk-root /Applications/Xcode.app/Contents/Developer/Platforms/iPhoneSimulator.platform/Developer/SDKs/iPhoneSimulator27.0.sdk --xcode-version 27A266a --platform-family iOS --deployment-target 17.0 --bundle-identifier com.xiaolongxu.zipharbor.app.uitests --output /tmp/ZipHarbor-Migration/Build/Products/Debug-iphonesimulator/ZipHarborUITests-Runner.app/PlugIns/ZipHarborUITests.xctest --target-triple arm64-apple-ios17.0-simulator --binary-file /tmp/ZipHarbor-Migration/Build/Products/Debug-iphonesimulator/ZipHarborUITests-Runner.app/PlugIns/ZipHarborUITests.xctest/ZipHarborUITests --dependency-file /tmp/ZipHarbor-Migration/Build/Intermediates.noindex/ZipHarbor.build/Debug-iphonesimulator/ZipHarborUITests.build/Objects-normal/arm64/ZipHarborUITests_dependency_info.dat --stringsdata-file /tmp/ZipHarbor-Migration/Build/Intermediates.noindex/ZipHarbor.build/Debug-iphonesimulator/ZipHarborUITests.build/Objects-normal/arm64/ExtractedAppShortcutsMetadata.stringsdata --source-file-list /tmp/ZipHarbor-Migration/Build/Intermediates.noindex/ZipHarbor.build/Debug-iphonesimulator/ZipHarborUITests.build/Objects-normal/arm64/ZipHarborUITests.SwiftFileList --metadata-file-list /tmp/ZipHarbor-Migration/Build/Intermediates.noindex/ZipHarbor.build/Debug-iphonesimulator/ZipHarborUITests.build/ZipHarborUITests.DependencyMetadataFileList --static-metadata-file-list /tmp/ZipHarbor-Migration/Build/Intermediates.noindex/ZipHarbor.build/Debug-iphonesimulator/ZipHarborUITests.build/ZipHarborUITests.DependencyStaticMetadataFileList --swift-const-vals-list /tmp/ZipHarbor-Migration/Build/Intermediates.noindex/ZipHarbor.build/Debug-iphonesimulator/ZipHarborUITests.build/Objects-normal/arm64/ZipHarborUITests.SwiftConstValuesFileList --compile-time-extraction --deployment-aware-processing --no-app-shortcuts-localization
2026-10-01 13:47:28.333 appintentsmetadataprocessor[52449:2946175] Starting appintentsmetadataprocessor export
2026-10-01 13:47:28.337 appintentsmetadataprocessor[52449:2946175] warning: Metadata extraction skipped, no AppIntents.framework dependency found

CodeSign /tmp/ZipHarbor-Migration/Build/Products/Debug-iphonesimulator/ZipHarborUITests-Runner.app/PlugIns/ZipHarborUITests.xctest (in target 'ZipHarborUITests' from project 'ZipHarbor')
    cd /Users/USER/github_space/zip-app/ZipHarbor
    
    Signing Identity:     "Sign to Run Locally"
    
    /usr/bin/codesign --force --sign - --timestamp\=none --generate-entitlement-der /tmp/ZipHarbor-Migration/Build/Products/Debug-iphonesimulator/ZipHarborUITests-Runner.app/PlugIns/ZipHarborUITests.xctest

CodeSign /tmp/ZipHarbor-Migration/Build/Products/Debug-iphonesimulator/ZipHarborUITests-Runner.app (in target 'ZipHarborUITests' from project 'ZipHarbor')
    cd /Users/USER/github_space/zip-app/ZipHarbor
    
    Signing Identity:     "Sign to Run Locally"
    
    /usr/bin/codesign --force --sign - --timestamp\=none --generate-entitlement-der /tmp/ZipHarbor-Migration/Build/Products/Debug-iphonesimulator/ZipHarborUITests-Runner.app
/tmp/ZipHarbor-Migration/Build/Products/Debug-iphonesimulator/ZipHarborUITests-Runner.app: replacing existing signature

PruneExplicitPrecompiledModules /tmp/ZipHarbor-Migration/SDKExplicitPrecompiledModules

PruneExplicitPrecompiledModules /tmp/ZipHarbor-Migration/Build/Intermediates.noindex/ExplicitPrecompiledModules

PruneExplicitPrecompiledModules /tmp/ZipHarbor-Migration/Build/Intermediates.noindex/SwiftExplicitPrecompiledModules

2026-10-01 13:47:29.084392+0800 ZipHarborUITests-Runner[52453:2946379] [Default] Running tests...
    t =      nans Interface orientation changed to Portrait
Test Suite 'Selected tests' started at 2026-10-01 13:47:29.524.
Test Suite 'ZipHarborUITests.xctest' started at 2026-10-01 13:47:29.525.
Test Suite 'ZipHarborUITests' started at 2026-10-01 13:47:29.525.
Test Case '-[ZipHarborUITests.ZipHarborUITests testRepeatedExtractionConflictCancelRetryAndKeepBoth]' started.
    t =     0.00s Start Test at 2026-10-01 13:47:29.525
    t =     0.02s Set Up
    t =     0.02s Open com.xiaolongxu.zipharbor.app
    t =     0.02s     Launch com.xiaolongxu.zipharbor.app
2026-10-01 13:47:29.583 xcodebuild[52426:2945838] [MT] IDELaunchParametersSnapshot: debugger version lookup failed for path '<nil>': noURL
2026-10-01 13:47:29.584 xcodebuild[52426:2945838] [MT] IDELaunchParametersSnapshot: no debugger version
    t =     0.47s         Setting up automation session
objc[52453]: Class UIAccessibilityLoaderWebShared is implemented in both /Library/Developer/CoreSimulator/Volumes/iOS_23F77/Library/Developer/CoreSimulator/Profiles/Runtimes/iOS 26.5.simruntime/Contents/Resources/RuntimeRoot/System/Library/AccessibilityBundles/WebCore.axbundle/WebCore (0x106af8310) and /Library/Developer/CoreSimulator/Volumes/iOS_23F77/Library/Developer/CoreSimulator/Profiles/Runtimes/iOS 26.5.simruntime/Contents/Resources/RuntimeRoot/System/Library/AccessibilityBundles/WebKit.axbundle/WebKit (0x105f74398). This may cause spurious casting failures and mysterious crashes. One of the duplicates must be removed or renamed.
    t =     1.18s         Wait for com.xiaolongxu.zipharbor.app to idle
    t =     2.58s Waiting 25.0s for "file-课程资料_2026.zip" Button to exist
    t =     3.62s     Checking `Expect predicate `existsNoRetry == 1` for object "file-课程资料_2026.zip" Button`
    t =     3.62s         Checking existence of `"file-课程资料_2026.zip" Button`
    t =     3.66s Tap "file-课程资料_2026.zip" Button
    t =     3.66s     Wait for com.xiaolongxu.zipharbor.app to idle
    t =     3.67s     Find the "file-课程资料_2026.zip" Button
    t =     3.69s     Check for interrupting elements affecting "file-课程资料_2026.zip" Button
    t =     3.71s     Synthesize event
    t =     4.01s     Wait for com.xiaolongxu.zipharbor.app to idle
    t =     4.46s Waiting 10.0s for "extractToButton" Button to exist
    t =     5.49s     Checking `Expect predicate `existsNoRetry == 1` for object "extractToButton" Button`
    t =     5.49s         Checking existence of `"extractToButton" Button`
    t =     5.52s Tap "extractToButton" Button
    t =     5.52s     Wait for com.xiaolongxu.zipharbor.app to idle
    t =     5.52s     Find the "extractToButton" Button
    t =     5.54s     Check for interrupting elements affecting "extractToButton" Button
    t =     5.55s     Synthesize event
    t =     5.84s     Wait for com.xiaolongxu.zipharbor.app to idle
    t =     6.24s Waiting 5.0s for "startExtractionButton" Button to exist
    t =     7.29s     Checking `Expect predicate `existsNoRetry == 1` for object "startExtractionButton" Button`
    t =     7.29s         Checking existence of `"startExtractionButton" Button`
    t =     7.32s Find the Target Application 'com.xiaolongxu.zipharbor.app'
    t =     7.40s Added attachment named 'extraction-destination'
    t =     7.40s Tap "startExtractionButton" Button
    t =     7.40s     Wait for com.xiaolongxu.zipharbor.app to idle
    t =     7.40s     Find the "startExtractionButton" Button
    t =     7.42s     Check for interrupting elements affecting "startExtractionButton" Button
    t =     7.45s     Synthesize event
    t =     7.74s     Wait for com.xiaolongxu.zipharbor.app to idle
    t =     8.72s Waiting 20.0s for "resultDoneButton" Button to exist
    t =     9.76s     Checking `Expect predicate `existsNoRetry == 1` for object "resultDoneButton" Button`
    t =     9.76s         Checking existence of `"resultDoneButton" Button`
    t =     9.78s Tap "resultDoneButton" Button
    t =     9.78s     Wait for com.xiaolongxu.zipharbor.app to idle
    t =     9.78s     Find the "resultDoneButton" Button
    t =     9.80s     Check for interrupting elements affecting "resultDoneButton" Button
    t =     9.81s     Synthesize event
    t =    10.10s     Wait for com.xiaolongxu.zipharbor.app to idle
    t =    10.46s Tap "taskFilter-Completed" Button
    t =    10.46s     Wait for com.xiaolongxu.zipharbor.app to idle
    t =    10.46s     Find the "taskFilter-Completed" Button
    t =    10.48s     Check for interrupting elements affecting "taskFilter-Completed" Button
    t =    10.49s     Synthesize event
    t =    10.79s     Wait for com.xiaolongxu.zipharbor.app to idle
    t =    10.79s Waiting 5.0s for "result-课程资料_2026" Button to exist
    t =    11.83s     Checking `Expect predicate `existsNoRetry == 1` for object "result-课程资料_2026" Button`
    t =    11.83s         Checking existence of `"result-课程资料_2026" Button`
    t =    11.84s Find the Target Application 'com.xiaolongxu.zipharbor.app'
    t =    11.90s Added attachment named 'tasks-completed'
    t =    11.90s Tap "tab-Files" Button
    t =    11.90s     Wait for com.xiaolongxu.zipharbor.app to idle
    t =    11.91s     Find the "tab-Files" Button
    t =    11.92s     Check for interrupting elements affecting "tab-Files" Button
    t =    11.93s     Synthesize event
    t =    12.22s     Wait for com.xiaolongxu.zipharbor.app to idle
    t =    12.22s Tap "file-课程资料_2026.zip" Button
    t =    12.22s     Wait for com.xiaolongxu.zipharbor.app to idle
    t =    12.23s     Find the "file-课程资料_2026.zip" Button
    t =    12.24s     Check for interrupting elements affecting "file-课程资料_2026.zip" Button
    t =    12.26s     Synthesize event
    t =    12.55s     Wait for com.xiaolongxu.zipharbor.app to idle
    t =    12.88s Waiting 10.0s for "extractToButton" Button to exist
    t =    13.92s     Checking `Expect predicate `existsNoRetry == 1` for object "extractToButton" Button`
    t =    13.92s         Checking existence of `"extractToButton" Button`
    t =    13.94s Tap "extractToButton" Button
    t =    13.94s     Wait for com.xiaolongxu.zipharbor.app to idle
    t =    13.94s     Find the "extractToButton" Button
    t =    13.96s     Check for interrupting elements affecting "extractToButton" Button
    t =    13.97s     Synthesize event
    t =    14.26s     Wait for com.xiaolongxu.zipharbor.app to idle
    t =    14.61s Waiting 5.0s for "startExtractionButton" Button to exist
    t =    15.65s     Checking `Expect predicate `existsNoRetry == 1` for object "startExtractionButton" Button`
    t =    15.65s         Checking existence of `"startExtractionButton" Button`
    t =    15.68s Find the Target Application 'com.xiaolongxu.zipharbor.app'
    t =    15.75s Added attachment named 'extraction-destination'
    t =    15.76s Tap "startExtractionButton" Button
    t =    15.76s     Wait for com.xiaolongxu.zipharbor.app to idle
    t =    15.76s     Find the "startExtractionButton" Button
    t =    15.79s     Check for interrupting elements affecting "startExtractionButton" Button
    t =    15.82s     Synthesize event
    t =    16.11s     Wait for com.xiaolongxu.zipharbor.app to idle
    t =    17.06s Waiting 15.0s for "Keep both" Button to exist
    t =    18.10s     Checking `Expect predicate `existsNoRetry == 1` for object "Keep both" Button`
    t =    18.10s         Checking existence of `"Keep both" Button`
    t =    18.12s         Capturing element debug description
    t =    19.16s     Checking `Expect predicate `existsNoRetry == 1` for object "Keep both" Button`
    t =    19.16s         Checking existence of `"Keep both" Button`
    t =    19.17s         Capturing element debug description
    t =    20.10s     Checking `Expect predicate `existsNoRetry == 1` for object "Keep both" Button`
    t =    20.11s         Checking existence of `"Keep both" Button`
    t =    20.12s         Capturing element debug description
    t =    21.06s     Checking `Expect predicate `existsNoRetry == 1` for object "Keep both" Button`
    t =    21.06s         Checking existence of `"Keep both" Button`
    t =    21.08s         Capturing element debug description
    t =    22.12s     Checking `Expect predicate `existsNoRetry == 1` for object "Keep both" Button`
    t =    22.12s         Checking existence of `"Keep both" Button`
    t =    22.14s         Capturing element debug description
    t =    23.07s     Checking `Expect predicate `existsNoRetry == 1` for object "Keep both" Button`
    t =    23.07s         Checking existence of `"Keep both" Button`
    t =    23.09s         Capturing element debug description
    t =    24.12s     Checking `Expect predicate `existsNoRetry == 1` for object "Keep both" Button`
    t =    24.12s         Checking existence of `"Keep both" Button`
    t =    24.14s         Capturing element debug description
    t =    25.08s     Checking `Expect predicate `existsNoRetry == 1` for object "Keep both" Button`
    t =    25.08s         Checking existence of `"Keep both" Button`
    t =    25.10s         Capturing element debug description
    t =    26.14s     Checking `Expect predicate `existsNoRetry == 1` for object "Keep both" Button`
    t =    26.14s         Checking existence of `"Keep both" Button`
    t =    26.16s         Capturing element debug description
    t =    27.09s     Checking `Expect predicate `existsNoRetry == 1` for object "Keep both" Button`
    t =    27.09s         Checking existence of `"Keep both" Button`
    t =    27.11s         Capturing element debug description
    t =    28.15s     Checking `Expect predicate `existsNoRetry == 1` for object "Keep both" Button`
    t =    28.15s         Checking existence of `"Keep both" Button`
    t =    28.16s         Capturing element debug description
    t =    29.10s     Checking `Expect predicate `existsNoRetry == 1` for object "Keep both" Button`
    t =    29.10s         Checking existence of `"Keep both" Button`
    t =    29.12s         Capturing element debug description
    t =    30.16s     Checking `Expect predicate `existsNoRetry == 1` for object "Keep both" Button`
    t =    30.16s         Checking existence of `"Keep both" Button`
    t =    30.18s         Capturing element debug description
    t =    31.10s     Checking `Expect predicate `existsNoRetry == 1` for object "Keep both" Button`
    t =    31.10s         Checking existence of `"Keep both" Button`
    t =    31.12s         Capturing element debug description
    t =    32.06s     Checking existence of `"Keep both" Button`
    t =    32.08s Collecting debug information to assist test failure triage
    t =    32.08s     Requesting snapshot of accessibility hierarchy for app with pid 52459
/Users/USER/github_space/zip-app/ZipHarbor/ZipHarborUITests/ZipHarborUITests.swift:251: error: -[ZipHarborUITests.ZipHarborUITests testRepeatedExtractionConflictCancelRetryAndKeepBoth] : XCTAssertTrue failed
    t =    32.15s Tear Down
Test Case '-[ZipHarborUITests.ZipHarborUITests testRepeatedExtractionConflictCancelRetryAndKeepBoth]' failed (32.406 seconds).
Test Suite 'ZipHarborUITests' failed at 2026-10-01 13:48:01.932.
	 Executed 1 test, with 1 failure (0 unexpected) in 32.406 (32.407) seconds
Test Suite 'ZipHarborUITests.xctest' failed at 2026-10-01 13:48:01.932.
	 Executed 1 test, with 1 failure (0 unexpected) in 32.406 (32.408) seconds
Test Suite 'Selected tests' failed at 2026-10-01 13:48:01.933.
	 Executed 1 test, with 1 failure (0 unexpected) in 32.406 (32.408) seconds
2026-10-01 13:48:15.520 xcodebuild[52426:2945838] [MT] IDETestOperationsObserverDebug: 47.150 elapsed -- Testing started completed.
2026-10-01 13:48:15.520 xcodebuild[52426:2945838] [MT] IDETestOperationsObserverDebug: 0.000 sec, +0.000 sec -- start
2026-10-01 13:48:15.520 xcodebuild[52426:2945838] [MT] IDETestOperationsObserverDebug: 47.150 sec, +47.150 sec -- end

Test session results, code coverage, and logs:
	/tmp/ZipHarbor-Conflict-Sim.xcresult

Failing tests:
	ZipHarborUITests.testRepeatedExtractionConflictCancelRetryAndKeepBoth()

** TEST FAILED **

Testing started
