Skipped export for ArchiveModelTests/testArchivePathValidationBlocksTraversalAndAbsolutePaths(): no matching attachments

Skipped export for ArchiveModelTests/testCreateInspectAndExtractZipRoundTrip(): no matching attachments

Skipped export for ArchiveModelTests/testFormatDetectionUsesCompoundExtensionsFirst(): no matching attachments

Skipped export for ArchiveModelTests/testSevenZipPasswordCreationIsRejected(): no matching attachments

Skipped export for ArchiveModelTests/testSevenZipRoundTrip(): no matching attachments

Skipped export for ArchiveModelTests/testSplitZipIsReassembledForInspectAndExtract(): no matching attachments

Skipped export for ArchiveModelTests/testZipAESRoundTrip(): no matching attachments

Skipped export for ArchiveModelTests/testZipAESWithoutPasswordRequestsPassword(): no matching attachments

Skipped export for CoordinatorTests/testClearAndRetentionKeepActiveJobsFilesAndFavorites(): no matching attachments

Skipped export for CoordinatorTests/testPasswordContinuesOriginalJobWithoutDuplicateHistory(): no matching attachments

Skipped export for CoordinatorTests/testRelativeReferencesAndSettingsPersistWithoutPasswords(): no matching attachments

Skipped export for MigrationEngineTests/testCancellationDuringWriteCleansTemporaryAndPreservesSource(): no matching attachments

Skipped export for MigrationEngineTests/testEveryConflictPolicyAndAskDecision(): no matching attachments

Skipped export for MigrationEngineTests/testExistingSymlinkCannotEscapeDestination(): no matching attachments

Skipped export for MigrationEngineTests/testFlattenedCreationDeduplicatesNamesAndSelectedFolderExtracts(): no matching attachments

Skipped export for MigrationEngineTests/testIndependentReadFormats(): no matching attachments

Skipped export for MigrationEngineTests/testMissingVolumeAndWrongPasswordAreTypedErrors(): no matching attachments

Skipped export for MigrationEngineTests/testMixedEncryptedArchiveRejectsPasswordBeforePublishingAnyFile(): no matching attachments

Skipped export for MigrationEngineTests/testPauseResumeAndCancellationCleanOutput(): no matching attachments

Skipped export for MigrationEngineTests/testTraversalArchiveIsRejected(): no matching attachments

Skipped export for PerformanceAcceptanceTests/testOneGiBStreamingRoundTripAndManySmallFiles(): no matching attachments

Exported 2 attachments for: ZipHarborUITests/testAccessibilityLargeTextLayout():
File: 27FA7225-6F31-42DD-B23B-7730DC7DE689.png, suggested name: "settings-large-text_0_3084CFAD-AA49-4053-A3E7-CDC7BD60BAB6.png"
File: 344C58C2-2C31-460F-917F-15D034CBB395.png, suggested name: "home-large-text_0_3BBB0975-5E49-479C-8BFD-4F3A02FBED7B.png"

Exported 1 attachment for: ZipHarborUITests/testCancellingExternalFolderChoiceKeepsPreviousDestination():
File: 08B99941-692F-4E07-AE34-6479DB67E786.png, suggested name: "destination-cancel-keeps-selection_0_A9DC9557-8D86-4AFB-8CAA-83963A6CE4B3.png"

Exported 3 attachments for: ZipHarborUITests/testCreateTwoStepsAESRoundTripAndBackPreservesSelection():
File: C1065305-2A0B-4E47-BD65-6390F0762A89.png, suggested name: "extraction-destination_0_8A66797A-9DD8-4026-BAED-46511698E195.png"
File: 6487C132-E287-4209-B986-8596186DCE02.png, suggested name: "create-settings_0_62D676B6-5499-4663-AA0B-29771F8E63E4.png"
File: B027682F-5F6B-4664-A486-EC061EEC4094.png, suggested name: "create-select_0_8921811B-B799-4362-A2F4-ADF5F24B9DB3.png"

Exported 1 attachment for: ZipHarborUITests/testDefaultDestinationAndPreserveSettingsAffectExtraction():
File: 73EEEC08-5B3F-46F1-8CF1-98C09CAEEEDD.png, suggested name: "extraction-default-settings_0_E43FB271-29BA-4BB5-9C74-6F9CCBBD70F9.png"

Exported 3 attachments for: ZipHarborUITests/testEnglishAndDarkAppearance():
File: D997FB3D-D839-4C27-9B0E-A9532BDB782E.png, suggested name: "home-dark-en_0_3CDB4614-305A-4945-B53E-95D4FD35BA82.png"
File: 910259F1-C5BA-4205-BF53-19470451CF88.png, suggested name: "settings-dark-en_0_C11D1027-391B-41CC-B958-F3A3FD0BC907.png"
File: 481F724E-2E4B-467D-954B-AFA5ACFBA5B6.png, suggested name: "home-en_0_253DC7C0-6F37-4F5B-93DA-EFEB01143B3D.png"

Exported 2 attachments for: ZipHarborUITests/testFavoritesAndSelectedDirectoryExtraction():
File: FC4940CC-9744-4E63-BDFD-59409FE41BB8.png, suggested name: "favorites_0_6EA12FF5-7C66-4F5E-9599-BC57E3CE9680.png"
File: 654D6028-EA7D-4CA4-9760-2F495AE41982.png, suggested name: "selected-directory-output_0_BA11A9C4-AB33-4DD3-BD88-AF8A871792CB.png"

Exported 4 attachments for: ZipHarborUITests/testPasswordAutomaticallyContinuesAndDoneDismisses():
File: 747EEF17-C184-49CF-8E99-92EEC853504F.png, suggested name: "output-folder_0_960314B1-780C-4E7A-952B-361CC11697B0.png"
File: D2D554C7-EE37-4DAD-B95D-8DB4FE721300.png, suggested name: "extraction-result_0_05AB2DF0-A232-4C49-85CE-D303A430281A.png"
File: 99FC532C-B8F9-458C-BD86-F219D657992F.png, suggested name: "extraction-destination_0_90285437-81CC-4C1D-AB3D-393FC28B3452.png"
File: 141689E4-AD18-41F9-A245-A6B742DEED05.png, suggested name: "home-zh_0_BD490995-050B-4DB5-96A0-49115729BEE8.png"

Exported 2 attachments for: ZipHarborUITests/testPasswordCancelAndClearHistoryKeepFiles():
File: 22CA162C-834E-467A-88A6-4ABE150E3A21.png, suggested name: "settings-zh_0_6BBBFA46-C6B1-4ED3-A447-0E5A466540F4.png"
File: 2C612B10-7219-475E-AD9C-0F49380DA488.png, suggested name: "extraction-destination_0_5001BCBA-3F7E-4C77-A9BA-5A7F0BA35480.png"

Exported 3 attachments for: ZipHarborUITests/testPhotosAndVideoImportThenCreateArchive():
File: A7F88CC6-236E-4DA7-A2BE-B96325387755.png, suggested name: "photos-video-archive-result_0_DD276685-6F33-43E7-A1CF-CFDF677E6BED.png"
File: 4B3918D3-B400-43ED-AFF4-1092DBCD1B8D.png, suggested name: "photos-video-imported_0_4769B3E9-1AEB-4B85-873D-02C19E4BEB65.png"
File: DB5AC129-6824-4715-8C5C-6988CCD2D480.png, suggested name: "photos-picker-selected_0_5E316C21-FE94-4CCF-8BD7-B19656D651E9.png"

Exported 7 attachments for: ZipHarborUITests/testRepeatedExtractionConflictCancelRetryAndKeepBoth():
File: 99A0164F-0C15-4429-B4D3-15B0A799E084.png, suggested name: "conflict-kept-both-output_0_ED760645-A5E8-43C1-99D3-7DF50EFF95DF.png"
File: 5A6CF726-984D-4AD7-9F5A-94110AAEDFC3.png, suggested name: "conflict-apply-to-all_0_9E1B88AE-2122-47BA-A6ED-238D961AFC6D.png"
File: 1CE91993-1EC0-4625-A412-634DB3932739.png, suggested name: "tasks-cancelled_0_B58BA571-7172-4625-B7CD-A6C814ED01FE.png"
File: 2BE28103-A4CA-43FA-83AD-2E30C6E0D5B2.png, suggested name: "conflict-choice_0_756ADE71-5AC4-4E52-ACA3-5DBBCC9DEEB0.png"
File: 79EEF53D-A410-4B68-8302-C3EE3A83521D.png, suggested name: "extraction-destination_0_AD18168E-F3F7-4500-A6F3-9DFA05728336.png"
File: 891040BD-B2CF-40D4-8962-9E01AAC3145F.png, suggested name: "tasks-completed_0_DC2E2AF6-7C4C-4B1A-B8A5-2007CE742C13.png"
File: 55F21CDB-1E0A-49D9-BEF2-D7734913706C.png, suggested name: "extraction-destination_0_6A5CCC06-EDD7-4F55-B712-2004E2F2B562.png"

Exported 2 attachments for: ZipHarborUITests/testSelectedFolderExtractionAndPreview():
File: 3E91B615-16CA-47E5-A6BA-F4D7B56FA65B.png, suggested name: "quick-look_0_6AC55A40-7712-4011-80AD-906E11AF9EB3.png"
File: 55BBEA32-0280-4ABF-8265-EBBEC0683AD1.png, suggested name: "archive-detail_0_E42B7A76-914E-4AA9-8F75-4CB73492C98A.png"

Exported 1 attachment for: ZipHarborUITests/testSystemFilesImportsRealArchive():
File: 387C0F67-78D4-490A-80DF-AE465008B4C9.png, suggested name: "system-files-imported-archive_0_6438B35D-7E8A-4AEF-8B17-255054E100B7.png"

Exported 2 attachments for: ZipHarborUITests/testSystemPickerAndSharePresentation():
File: 1DC5F098-7517-4284-84B2-86D6A57672E3.png, suggested name: "system-share_0_58E5E4E0-A4EF-4167-A881-F103CC831B5E.png"
File: 570CBA57-564D-4F0B-BC78-9D7AD7852F2F.png, suggested name: "system-files-picker_0_EDE314AE-5DA5-4DEE-9869-53E49F55EDAC.png"

Exported 2 attachments for: ZipHarborUITests/testWrongPasswordCanRetryWithoutRestartingExtraction():
File: 4CABEDD6-5DC8-4DCD-997F-90AA0C4EEB71.png, suggested name: "wrong-password_0_3E9141E2-3B94-4FCD-92B2-2C7A37D83333.png"
File: 5028F1D8-C3C9-4CEC-B594-104B3AF55EE4.png, suggested name: "extraction-destination_0_72684333-B78F-45C1-9FE4-9039373A90D1.png"

Generated manifest file with attachment details: /Users/USER/github_space/zip-app/docs/simulator-acceptance-20261001/screenshots/exported-20261001/manifest.json
